../Core/Src/tft_display.c:5:6:TFT_Display_Select	8	static
../Core/Src/tft_display.c:9:6:TFT_Display_Unselect	8	static
../Core/Src/tft_display.c:13:6:TFT_Display_TurnOn	8	static
../Core/Src/tft_display.c:17:6:TFT_Display_TurnOff	8	static
../Core/Src/tft_display.c:21:13:TFT_Display_Reset	8	static
../Core/Src/tft_display.c:27:13:TFT_Display_WriteCommand	16	static
../Core/Src/tft_display.c:32:13:TFT_Display_WriteData	24	static
../Core/Src/tft_display.c:44:13:TFT_Display_SetAddressWindow	32	static
../Core/Src/tft_display.c:63:6:TFT_Display_Init	120	static
../Core/Src/tft_display.c:220:6:TFT_Display_DrawPixel	24	static
../Core/Src/tft_display.c:233:13:TFT_Display_WriteChar	40	static
../Core/Src/tft_display.c:252:6:TFT_Display_WriteString	32	static
../Core/Src/tft_display.c:278:6:TFT_Display_DrawLine	56	static
../Core/Src/tft_display.c:327:6:TFT_Display_DrawRectangle	32	static
../Core/Src/tft_display.c:335:6:TFT_Display_FillRectangle	32	static
../Core/Src/tft_display.c:355:6:TFT_Display_FillScreen	24	static
../Core/Src/tft_display.c:359:6:TFT_Display_DrawImage	24	static
../Core/Src/tft_display.c:370:6:TFT_Display_InvertColors	16	static
