Archive member included to satisfy reference by file (symbol)

C:\Users\Hung\Documents\stm32f103-freertos-main\freertos\Debug\libfreertos.a(queue.o)
                              ./Core/Src/main.o (xQueueGenericCreate)
C:\Users\Hung\Documents\stm32f103-freertos-main\freertos\Debug\libfreertos.a(tasks.o)
                              ./Core/Src/main.o (xTaskCreate)
C:\Users\Hung\Documents\stm32f103-freertos-main\freertos\Debug\libfreertos.a(timers.o)
                              C:\Users\Hung\Documents\stm32f103-freertos-main\freertos\Debug\libfreertos.a(tasks.o) (xTimerCreateTimerTask)
C:\Users\Hung\Documents\stm32f103-freertos-main\freertos\Debug\libfreertos.a(heap_3.o)
                              C:\Users\Hung\Documents\stm32f103-freertos-main\freertos\Debug\libfreertos.a(queue.o) (pvPortMalloc)
C:\Users\Hung\Documents\stm32f103-freertos-main\freertos\Debug\libfreertos.a(list.o)
                              C:\Users\Hung\Documents\stm32f103-freertos-main\freertos\Debug\libfreertos.a(queue.o) (vListInitialise)
C:\Users\Hung\Documents\stm32f103-freertos-main\freertos\Debug\libfreertos.a(port.o)
                              C:\Users\Hung\Documents\stm32f103-freertos-main\freertos\Debug\libfreertos.a(tasks.o) (pxPortInitialiseStack)
C:/stm32/app/STM32CubeIDE_1.16.0/STM32CubeIDE/plugins/com.st.stm32cube.ide.mcu.externaltools.gnu-tools-for-stm32.12.3.rel1.win32_1.0.200.202406191623/tools/bin/../lib/gcc/arm-none-eabi/12.3.1/../../../../arm-none-eabi/lib/thumb/v7-m/nofp\libc_nano.a(libc_a-exit.o)
                              C:/stm32/app/STM32CubeIDE_1.16.0/STM32CubeIDE/plugins/com.st.stm32cube.ide.mcu.externaltools.gnu-tools-for-stm32.12.3.rel1.win32_1.0.200.202406191623/tools/bin/../lib/gcc/arm-none-eabi/12.3.1/../../../../arm-none-eabi/lib/thumb/v7-m/nofp/crt0.o (exit)
C:/stm32/app/STM32CubeIDE_1.16.0/STM32CubeIDE/plugins/com.st.stm32cube.ide.mcu.externaltools.gnu-tools-for-stm32.12.3.rel1.win32_1.0.200.202406191623/tools/bin/../lib/gcc/arm-none-eabi/12.3.1/../../../../arm-none-eabi/lib/thumb/v7-m/nofp\libc_nano.a(libc_a-malloc.o)
                              C:\Users\Hung\Documents\stm32f103-freertos-main\freertos\Debug\libfreertos.a(heap_3.o) (malloc)
C:/stm32/app/STM32CubeIDE_1.16.0/STM32CubeIDE/plugins/com.st.stm32cube.ide.mcu.externaltools.gnu-tools-for-stm32.12.3.rel1.win32_1.0.200.202406191623/tools/bin/../lib/gcc/arm-none-eabi/12.3.1/../../../../arm-none-eabi/lib/thumb/v7-m/nofp\libc_nano.a(libc_a-mallocr.o)
                              C:/stm32/app/STM32CubeIDE_1.16.0/STM32CubeIDE/plugins/com.st.stm32cube.ide.mcu.externaltools.gnu-tools-for-stm32.12.3.rel1.win32_1.0.200.202406191623/tools/bin/../lib/gcc/arm-none-eabi/12.3.1/../../../../arm-none-eabi/lib/thumb/v7-m/nofp\libc_nano.a(libc_a-malloc.o) (_malloc_r)
C:/stm32/app/STM32CubeIDE_1.16.0/STM32CubeIDE/plugins/com.st.stm32cube.ide.mcu.externaltools.gnu-tools-for-stm32.12.3.rel1.win32_1.0.200.202406191623/tools/bin/../lib/gcc/arm-none-eabi/12.3.1/../../../../arm-none-eabi/lib/thumb/v7-m/nofp\libc_nano.a(libc_a-mlock.o)
                              C:/stm32/app/STM32CubeIDE_1.16.0/STM32CubeIDE/plugins/com.st.stm32cube.ide.mcu.externaltools.gnu-tools-for-stm32.12.3.rel1.win32_1.0.200.202406191623/tools/bin/../lib/gcc/arm-none-eabi/12.3.1/../../../../arm-none-eabi/lib/thumb/v7-m/nofp\libc_nano.a(libc_a-mallocr.o) (__malloc_lock)
C:/stm32/app/STM32CubeIDE_1.16.0/STM32CubeIDE/plugins/com.st.stm32cube.ide.mcu.externaltools.gnu-tools-for-stm32.12.3.rel1.win32_1.0.200.202406191623/tools/bin/../lib/gcc/arm-none-eabi/12.3.1/../../../../arm-none-eabi/lib/thumb/v7-m/nofp\libc_nano.a(libc_a-findfp.o)
                              C:/stm32/app/STM32CubeIDE_1.16.0/STM32CubeIDE/plugins/com.st.stm32cube.ide.mcu.externaltools.gnu-tools-for-stm32.12.3.rel1.win32_1.0.200.202406191623/tools/bin/../lib/gcc/arm-none-eabi/12.3.1/../../../../arm-none-eabi/lib/thumb/v7-m/nofp\libc_nano.a(libc_a-exit.o) (__stdio_exit_handler)
C:/stm32/app/STM32CubeIDE_1.16.0/STM32CubeIDE/plugins/com.st.stm32cube.ide.mcu.externaltools.gnu-tools-for-stm32.12.3.rel1.win32_1.0.200.202406191623/tools/bin/../lib/gcc/arm-none-eabi/12.3.1/../../../../arm-none-eabi/lib/thumb/v7-m/nofp\libc_nano.a(libc_a-fwalk.o)
                              C:/stm32/app/STM32CubeIDE_1.16.0/STM32CubeIDE/plugins/com.st.stm32cube.ide.mcu.externaltools.gnu-tools-for-stm32.12.3.rel1.win32_1.0.200.202406191623/tools/bin/../lib/gcc/arm-none-eabi/12.3.1/../../../../arm-none-eabi/lib/thumb/v7-m/nofp\libc_nano.a(libc_a-findfp.o) (_fwalk_sglue)
C:/stm32/app/STM32CubeIDE_1.16.0/STM32CubeIDE/plugins/com.st.stm32cube.ide.mcu.externaltools.gnu-tools-for-stm32.12.3.rel1.win32_1.0.200.202406191623/tools/bin/../lib/gcc/arm-none-eabi/12.3.1/../../../../arm-none-eabi/lib/thumb/v7-m/nofp\libc_nano.a(libc_a-sprintf.o)
                              ./Core/Src/main.o (sprintf)
[...]
Memory Configuration

Name             Origin             Length             Attributes
RAM              0x20000000         0x00005000         xrw
FLASH            0x08000000         0x00010000         xr
*default*        0x00000000         0xffffffff

Linker script and memory map

LOAD C:/stm32/app/STM32CubeIDE_1.16.0/STM32CubeIDE/plugins/com.st.stm32cube.ide.mcu.externaltools.gnu-tools-for-stm32.12.3.rel1.win32_1.0.200.202406191623/tools/bin/../lib/gcc/arm-none-eabi/12.3.1/thumb/v7-m/nofp/crti.o
LOAD C:/stm32/app/STM32CubeIDE_1.16.0/STM32CubeIDE/plugins/com.st.stm32cube.ide.mcu.externaltools.gnu-tools-for-stm32.12.3.rel1.win32_1.0.200.202406191623/tools/bin/../lib/gcc/arm-none-eabi/12.3.1/thumb/v7-m/nofp/crtbegin.o
LOAD C:/stm32/app/STM32CubeIDE_1.16.0/STM32CubeIDE/plugins/com.st.stm32cube.ide.mcu.externaltools.gnu-tools-for-stm32.12.3.rel1.win32_1.0.200.202406191623/tools/bin/../lib/gcc/arm-none-eabi/12.3.1/../../../../arm-none-eabi/lib/thumb/v7-m/nofp/crt0.o
LOAD ./Core/Src/main.o
LOAD ./Core/Src/stm32f1xx_hal_msp.o
LOAD ./Core/Src/stm32f1xx_hal_timebase_tim.o
LOAD ./Core/Src/stm32f1xx_it.o
LOAD ./Core/Src/syscalls.o
LOAD ./Core/Src/sysmem.o
LOAD ./Core/Src/system_stm32f1xx.o
LOAD ./Core/Src/tft_display.o
LOAD ./Core/Src/tft_fonts.o
LOAD ./Core/Src/tft_touch.o
LOAD ./Core/Startup/startup_stm32f103c8tx.o
LOAD ./Drivers/STM32F1xx_HAL_Driver/Src/stm32f1xx_hal.o
LOAD ./Drivers/STM32F1xx_HAL_Driver/Src/stm32f1xx_hal_cortex.o
LOAD ./Drivers/STM32F1xx_HAL_Driver/Src/stm32f1xx_hal_dma.o
LOAD ./Drivers/STM32F1xx_HAL_Driver/Src/stm32f1xx_hal_exti.o
LOAD ./Drivers/STM32F1xx_HAL_Driver/Src/stm32f1xx_hal_flash.o
LOAD ./Drivers/STM32F1xx_HAL_Driver/Src/stm32f1xx_hal_flash_ex.o
LOAD ./Drivers/STM32F1xx_HAL_Driver/Src/stm32f1xx_hal_gpio.o
LOAD ./Drivers/STM32F1xx_HAL_Driver/Src/stm32f1xx_hal_gpio_ex.o
LOAD ./Drivers/STM32F1xx_HAL_Driver/Src/stm32f1xx_hal_pwr.o
LOAD ./Drivers/STM32F1xx_HAL_Driver/Src/stm32f1xx_hal_rcc.o
LOAD ./Drivers/STM32F1xx_HAL_Driver/Src/stm32f1xx_hal_rcc_ex.o
LOAD ./Drivers/STM32F1xx_HAL_Driver/Src/stm32f1xx_hal_spi.o
LOAD ./Drivers/STM32F1xx_HAL_Driver/Src/stm32f1xx_hal_tim.o
LOAD ./Drivers/STM32F1xx_HAL_Driver/Src/stm32f1xx_hal_tim_ex.o
LOAD C:\Users\Hung\Documents\stm32f103-freertos-main\freertos\Debug\libfreertos.a
START GROUP
LOAD C:/stm32/app/STM32CubeIDE_1.16.0/STM32CubeIDE/plugins/com.st.stm32cube.ide.mcu.externaltools.gnu-tools-for-stm32.12.3.rel1.win32_1.0.200.202406191623/tools/bin/../lib/gcc/arm-none-eabi/12.3.1/../../../../arm-none-eabi/lib/thumb/v7-m/nofp\libc_nano.a
LOAD C:/stm32/app/STM32CubeIDE_1.16.0/STM32CubeIDE/plugins/com.st.stm32cube.ide.mcu.externaltools.gnu-tools-for-stm32.12.3.rel1.win32_1.0.200.202406191623/tools/bin/../lib/gcc/arm-none-eabi/12.3.1/../../../../arm-none-eabi/lib/thumb/v7-m/nofp\libm.a
END GROUP
START GROUP
LOAD C:/stm32/app/STM32CubeIDE_1.16.0/STM32CubeIDE/plugins/com.st.stm32cube.ide.mcu.externaltools.gnu-tools-for-stm32.12.3.rel1.win32_1.0.200.202406191623/tools/bin/../lib/gcc/arm-none-eabi/12.3.1/thumb/v7-m/nofp\libgcc.a
LOAD C:/stm32/app/STM32CubeIDE_1.16.0/STM32CubeIDE/plugins/com.st.stm32cube.ide.mcu.externaltools.gnu-tools-for-stm32.12.3.rel1.win32_1.0.200.202406191623/tools/bin/../lib/gcc/arm-none-eabi/12.3.1/../../../../arm-none-eabi/lib/thumb/v7-m/nofp\libc_nano.a
END GROUP
START GROUP
LOAD C:/stm32/app/STM32CubeIDE_1.16.0/STM32CubeIDE/plugins/com.st.stm32cube.ide.mcu.externaltools.gnu-tools-for-stm32.12.3.rel1.win32_1.0.200.202406191623/tools/bin/../lib/gcc/arm-none-eabi/12.3.1/thumb/v7-m/nofp\libgcc.a
LOAD C:/stm32/app/STM32CubeIDE_1.16.0/STM32CubeIDE/plugins/com.st.stm32cube.ide.mcu.externaltools.gnu-tools-for-stm32.12.3.rel1.win32_1.0.200.202406191623/tools/bin/../lib/gcc/arm-none-eabi/12.3.1/../../../../arm-none-eabi/lib/thumb/v7-m/nofp\libc_nano.a
LOAD C:/stm32/app/STM32CubeIDE_1.16.0/STM32CubeIDE/plugins/com.st.stm32cube.ide.mcu.externaltools.gnu-tools-for-stm32.12.3.rel1.win32_1.0.200.202406191623/tools/bin/../lib/gcc/arm-none-eabi/12.3.1/../../../../arm-none-eabi/lib/thumb/v7-m/nofp\libnosys.a
END GROUP
START GROUP
LOAD C:/stm32/app/STM32CubeIDE_1.16.0/STM32CubeIDE/plugins/com.st.stm32cube.ide.mcu.externaltools.gnu-tools-for-stm32.12.3.rel1.win32_1.0.200.202406191623/tools/bin/../lib/gcc/arm-none-eabi/12.3.1/thumb/v7-m/nofp\libgcc.a
LOAD C:/stm32/app/STM32CubeIDE_1.16.0/STM32CubeIDE/plugins/com.st.stm32cube.ide.mcu.externaltools.gnu-tools-for-stm32.12.3.rel1.win32_1.0.200.202406191623/tools/bin/../lib/gcc/arm-none-eabi/12.3.1/../../../../arm-none-eabi/lib/thumb/v7-m/nofp\libc_nano.a
LOAD C:/stm32/app/STM32CubeIDE_1.16.0/STM32CubeIDE/plugins/com.st.stm32cube.ide.mcu.externaltools.gnu-tools-for-stm32.12.3.rel1.win32_1.0.200.202406191623/tools/bin/../lib/gcc/arm-none-eabi/12.3.1/../../../../arm-none-eabi/lib/thumb/v7-m/nofp\libnosys.a
END GROUP
LOAD C:/stm32/app/STM32CubeIDE_1.16.0/STM32CubeIDE/plugins/com.st.stm32cube.ide.mcu.externaltools.gnu-tools-for-stm32.12.3.rel1.win32_1.0.200.202406191623/tools/bin/../lib/gcc/arm-none-eabi/12.3.1/thumb/v7-m/nofp/crtend.o
LOAD C:/stm32/app/STM32CubeIDE_1.16.0/STM32CubeIDE/plugins/com.st.stm32cube.ide.mcu.externaltools.gnu-tools-for-stm32.12.3.rel1.win32_1.0.200.202406191623/tools/bin/../lib/gcc/arm-none-eabi/12.3.1/thumb/v7-m/nofp/crtn.o
                0x20005000                        _estack = (ORIGIN (RAM) + LENGTH (RAM))
                0x00000200                        _Min_Heap_Size = 0x200
                0x00000400                        _Min_Stack_Size = 0x400

.isr_vector     0x08000000      0x10c
                0x08000000                        . = ALIGN (0x4)
 *(.isr_vector)
 .isr_vector    0x08000000      0x10c ./Core/Startup/startup_stm32f103c8tx.o
                0x08000000                g_pfnVectors
                0x0800010c                        . = ALIGN (0x4)

.text           0x08000110     0x6470
                0x08000110                        . = ALIGN (0x4)
 *(.text)
 .text          0x08000110       0x40 C:/stm32/app/STM32CubeIDE_1.16.0/STM32CubeIDE/plugins/com.st.stm32cube.ide.mcu.externaltools.gnu-tools-for-stm32.12.3.rel1.win32_1.0.200.202406191623/tools/bin/../lib/gcc/arm-none-eabi/12.3.1/thumb/v7-m/nofp/crtbegin.o
 *(.text*)
 .text.Display  0x08000150      0x1cc ./Core/Src/main.o
 .text.Touch    0x0800031c       0xb4 ./Core/Src/main.o
 .text.main     0x080003d0       0x84 ./Core/Src/main.o
                0x080003d0                main
 .text.SystemClock_Config
                0x08000454       0x8a ./Core/Src/main.o
                0x08000454                SystemClock_Config
 *fill*         0x080004de        0x2 
 .text.MX_SPI1_Init
                0x080004e0       0x6c ./Core/Src/main.o
 .text.MX_GPIO_Init
                0x0800054c       0xd4 ./Core/Src/main.o
 .text.HAL_TIM_PeriodElapsedCallback
                0x08000620       0x24 ./Core/Src/main.o
                0x08000620                HAL_TIM_PeriodElapsedCallback
 .text.Error_Handler
                0x08000644        0xc ./Core/Src/main.o
                0x08000644                Error_Handler
 .text.HAL_MspInit
                0x08000650       0x64 ./Core/Src/stm32f1xx_hal_msp.o
                0x08000650                HAL_MspInit
 .text.HAL_SPI_MspInit
                0x080006b4       0x94 ./Core/Src/stm32f1xx_hal_msp.o
                0x080006b4                HAL_SPI_MspInit
 .text.HAL_SPI_MspDeInit
                0x08000748       0x3c ./Core/Src/stm32f1xx_hal_msp.o
                0x08000748                HAL_SPI_MspDeInit
 .text.HAL_InitTick
                0x08000784       0xac ./Core/Src/stm32f1xx_hal_timebase_tim.o
                0x08000784                HAL_InitTick
 .text.NMI_Handler
                0x08000830        0x8 ./Core/Src/stm32f1xx_it.o
                0x08000830                NMI_Handler
 .text.HardFault_Handler
                0x08000838        0x8 ./Core/Src/stm32f1xx_it.o
                0x08000838                HardFault_Handler
 .text.MemManage_Handler
                0x08000840        0x8 ./Core/Src/stm32f1xx_it.o
                0x08000840                MemManage_Handler
 .text.BusFault_Handler
                0x08000848        0x8 ./Core/Src/stm32f1xx_it.o
                0x08000848                BusFault_Handler
 .text.UsageFault_Handler
                0x08000850        0x8 ./Core/Src/stm32f1xx_it.o
                0x08000850                UsageFault_Handler
 .text.DebugMon_Handler
                0x08000858        0xc ./Core/Src/stm32f1xx_it.o
                0x08000858                DebugMon_Handler
 .text.TIM1_UP_IRQHandler
                0x08000864       0x14 ./Core/Src/stm32f1xx_it.o
                0x08000864                TIM1_UP_IRQHandler
 .text._sbrk    0x08000878       0x6c ./Core/Src/sysmem.o
                0x08000878                _sbrk
 .text.SystemInit
                0x080008e4        0xc ./Core/Src/system_stm32f1xx.o
                0x080008e4                SystemInit
 .text.TFT_Display_Select
                0x080008f0       0x18 ./Core/Src/tft_display.o
                0x080008f0                TFT_Display_Select
 .text.TFT_Display_Unselect
                0x08000908       0x18 ./Core/Src/tft_display.o
                0x08000908                TFT_Display_Unselect
 .text.TFT_Display_TurnOn
                0x08000920       0x18 ./Core/Src/tft_display.o
                0x08000920                TFT_Display_TurnOn
 .text.TFT_Display_Reset
                0x08000938       0x28 ./Core/Src/tft_display.o
 .text.TFT_Display_WriteCommand
                0x08000960       0x34 ./Core/Src/tft_display.o
 .text.TFT_Display_WriteData
                0x08000994       0x5c ./Core/Src/tft_display.o
 .text.TFT_Display_SetAddressWindow
                0x080009f0       0x90 ./Core/Src/tft_display.o
 .text.TFT_Display_Init
                0x08000a80      0x260 ./Core/Src/tft_display.o
                0x08000a80                TFT_Display_Init
 .text.TFT_Display_DrawPixel
                0x08000ce0       0x62 ./Core/Src/tft_display.o
                0x08000ce0                TFT_Display_DrawPixel
 .text.TFT_Display_WriteChar
                0x08000d42       0xe4 ./Core/Src/tft_display.o
 .text.TFT_Display_WriteString
                0x08000e26       0x96 ./Core/Src/tft_display.o
                0x08000e26                TFT_Display_WriteString
 .text.TFT_Display_DrawLine
                0x08000ebc      0x10e ./Core/Src/tft_display.o
                0x08000ebc                TFT_Display_DrawLine
 .text.TFT_Display_DrawRectangle
                0x08000fca       0x56 ./Core/Src/tft_display.o
                0x08000fca                TFT_Display_DrawRectangle
 .text.TFT_Display_FillRectangle
                0x08001020       0xdc ./Core/Src/tft_display.o
                0x08001020                TFT_Display_FillRectangle
 .text.TFT_Display_FillScreen
                0x080010fc       0x24 ./Core/Src/tft_display.o
                0x080010fc                TFT_Display_FillScreen
 .text.TFT_Touch_Select
                0x08001120       0x18 ./Core/Src/tft_touch.o
                0x08001120                TFT_Touch_Select
 .text.TFT_Touch_Unselect
                0x08001138       0x18 ./Core/Src/tft_touch.o
                0x08001138                TFT_Touch_Unselect
 .text.TFT_Touch_ScreenPressed
                0x08001150       0x20 ./Core/Src/tft_touch.o
                0x08001150                TFT_Touch_ScreenPressed
 .text.TFT_Touch_GetCoordinates
                0x08001170      0x15c ./Core/Src/tft_touch.o
                0x08001170                TFT_Touch_GetCoordinates
 .text.Reset_Handler
                0x080012cc       0x48 ./Core/Startup/startup_stm32f103c8tx.o
                0x080012cc                Reset_Handler
 .text.Default_Handler
                0x08001314        0x2 ./Core/Startup/startup_stm32f103c8tx.o
                0x08001314                RTC_Alarm_IRQHandler
                0x08001314                EXTI2_IRQHandler
                0x08001314                TIM1_CC_IRQHandler
                0x08001314                PVD_IRQHandler
                0x08001314                EXTI3_IRQHandler
                0x08001314                EXTI0_IRQHandler
                0x08001314                I2C2_EV_IRQHandler
                0x08001314                ADC1_2_IRQHandler
                0x08001314                SPI1_IRQHandler
                0x08001314                TAMPER_IRQHandler
                0x08001314                DMA1_Channel4_IRQHandler
                0x08001314                USART3_IRQHandler
                0x08001314                RTC_IRQHandler
                0x08001314                DMA1_Channel7_IRQHandler
                0x08001314                CAN1_RX1_IRQHandler
                0x08001314                TIM4_IRQHandler
                0x08001314                I2C1_EV_IRQHandler
                0x08001314                DMA1_Channel6_IRQHandler
                0x08001314                TIM3_IRQHandler
                0x08001314                RCC_IRQHandler
                0x08001314                TIM1_TRG_COM_IRQHandler
                0x08001314                DMA1_Channel1_IRQHandler
                0x08001314                Default_Handler
                0x08001314                EXTI15_10_IRQHandler
                0x08001314                EXTI9_5_IRQHandler
                0x08001314                SPI2_IRQHandler
                0x08001314                DMA1_Channel5_IRQHandler
                0x08001314                EXTI4_IRQHandler
                0x08001314                USB_LP_CAN1_RX0_IRQHandler
                0x08001314                USB_HP_CAN1_TX_IRQHandler
                0x08001314                DMA1_Channel3_IRQHandler
                0x08001314                WWDG_IRQHandler
                0x08001314                TIM2_IRQHandler
                0x08001314                TIM1_BRK_IRQHandler
                0x08001314                EXTI1_IRQHandler
                0x08001314                USART2_IRQHandler
                0x08001314                I2C2_ER_IRQHandler
                0x08001314                DMA1_Channel2_IRQHandler
                0x08001314                CAN1_SCE_IRQHandler
                0x08001314                FLASH_IRQHandler
                0x08001314                USART1_IRQHandler
                0x08001314                I2C1_ER_IRQHandler
                0x08001314                USBWakeUp_IRQHandler
 *fill*         0x08001316        0x2 
 .text.HAL_Init
                0x08001318       0x2c ./Drivers/STM32F1xx_HAL_Driver/Src/stm32f1xx_hal.o
                0x08001318                HAL_Init
 .text.HAL_IncTick
                0x08001344       0x24 ./Drivers/STM32F1xx_HAL_Driver/Src/stm32f1xx_hal.o
                0x08001344                HAL_IncTick
 .text.HAL_GetTick
                0x08001368       0x14 ./Drivers/STM32F1xx_HAL_Driver/Src/stm32f1xx_hal.o
                0x08001368                HAL_GetTick
 .text.HAL_Delay
                0x0800137c       0x48 ./Drivers/STM32F1xx_HAL_Driver/Src/stm32f1xx_hal.o
                0x0800137c                HAL_Delay
 .text.__NVIC_SetPriorityGrouping
                0x080013c4       0x48 ./Drivers/STM32F1xx_HAL_Driver/Src/stm32f1xx_hal_cortex.o
 .text.__NVIC_GetPriorityGrouping
                0x0800140c       0x1c ./Drivers/STM32F1xx_HAL_Driver/Src/stm32f1xx_hal_cortex.o
 .text.__NVIC_EnableIRQ
                0x08001428       0x38 ./Drivers/STM32F1xx_HAL_Driver/Src/stm32f1xx_hal_cortex.o
 .text.__NVIC_SetPriority
                0x08001460       0x54 ./Drivers/STM32F1xx_HAL_Driver/Src/stm32f1xx_hal_cortex.o
 .text.NVIC_EncodePriority
                0x080014b4       0x64 ./Drivers/STM32F1xx_HAL_Driver/Src/stm32f1xx_hal_cortex.o
 .text.HAL_NVIC_SetPriorityGrouping
                0x08001518       0x16 ./Drivers/STM32F1xx_HAL_Driver/Src/stm32f1xx_hal_cortex.o
                0x08001518                HAL_NVIC_SetPriorityGrouping
 .text.HAL_NVIC_SetPriority
                0x0800152e       0x38 ./Drivers/STM32F1xx_HAL_Driver/Src/stm32f1xx_hal_cortex.o
                0x0800152e                HAL_NVIC_SetPriority
 .text.HAL_NVIC_EnableIRQ
                0x08001566       0x1c ./Drivers/STM32F1xx_HAL_Driver/Src/stm32f1xx_hal_cortex.o
                0x08001566                HAL_NVIC_EnableIRQ
 *fill*         0x08001582        0x2 
 .text.HAL_GPIO_Init
                0x08001584      0x308 ./Drivers/STM32F1xx_HAL_Driver/Src/stm32f1xx_hal_gpio.o
                0x08001584                HAL_GPIO_Init
 .text.HAL_GPIO_DeInit
                0x0800188c      0x178 ./Drivers/STM32F1xx_HAL_Driver/Src/stm32f1xx_hal_gpio.o
                0x0800188c                HAL_GPIO_DeInit
 .text.HAL_GPIO_ReadPin
                0x08001a04       0x2e ./Drivers/STM32F1xx_HAL_Driver/Src/stm32f1xx_hal_gpio.o
                0x08001a04                HAL_GPIO_ReadPin
 .text.HAL_GPIO_WritePin
                0x08001a32       0x30 ./Drivers/STM32F1xx_HAL_Driver/Src/stm32f1xx_hal_gpio.o
                0x08001a32                HAL_GPIO_WritePin
 *fill*         0x08001a62        0x2 
 .text.HAL_RCC_OscConfig
                0x08001a64      0x504 ./Drivers/STM32F1xx_HAL_Driver/Src/stm32f1xx_hal_rcc.o
                0x08001a64                HAL_RCC_OscConfig
 .text.HAL_RCC_ClockConfig
                0x08001f68      0x1d4 ./Drivers/STM32F1xx_HAL_Driver/Src/stm32f1xx_hal_rcc.o
                0x08001f68                HAL_RCC_ClockConfig
 .text.HAL_RCC_GetSysClockFreq
                0x0800213c       0xa8 ./Drivers/STM32F1xx_HAL_Driver/Src/stm32f1xx_hal_rcc.o
                0x0800213c                HAL_RCC_GetSysClockFreq
 .text.HAL_RCC_GetHCLKFreq
                0x080021e4       0x14 ./Drivers/STM32F1xx_HAL_Driver/Src/stm32f1xx_hal_rcc.o
                0x080021e4                HAL_RCC_GetHCLKFreq
 .text.HAL_RCC_GetPCLK2Freq
                0x080021f8       0x28 ./Drivers/STM32F1xx_HAL_Driver/Src/stm32f1xx_hal_rcc.o
                0x080021f8                HAL_RCC_GetPCLK2Freq
 .text.HAL_RCC_GetClockConfig
                0x08002220       0x60 ./Drivers/STM32F1xx_HAL_Driver/Src/stm32f1xx_hal_rcc.o
                0x08002220                HAL_RCC_GetClockConfig
 .text.RCC_Delay
                0x08002280       0x3c ./Drivers/STM32F1xx_HAL_Driver/Src/stm32f1xx_hal_rcc.o
 .text.HAL_SPI_Init
                0x080022bc      0x108 ./Drivers/STM32F1xx_HAL_Driver/Src/stm32f1xx_hal_spi.o
                0x080022bc                HAL_SPI_Init
 .text.HAL_SPI_DeInit
                0x080023c4       0x50 ./Drivers/STM32F1xx_HAL_Driver/Src/stm32f1xx_hal_spi.o
                0x080023c4                HAL_SPI_DeInit
 .text.HAL_SPI_Transmit
                0x08002414      0x286 ./Drivers/STM32F1xx_HAL_Driver/Src/stm32f1xx_hal_spi.o
                0x08002414                HAL_SPI_Transmit
 .text.HAL_SPI_TransmitReceive
                0x0800269a      0x360 ./Drivers/STM32F1xx_HAL_Driver/Src/stm32f1xx_hal_spi.o
                0x0800269a                HAL_SPI_TransmitReceive
 *fill*         0x080029fa        0x2 
 .text.SPI_WaitFlagStateUntilTimeout
                0x080029fc      0x110 ./Drivers/STM32F1xx_HAL_Driver/Src/stm32f1xx_hal_spi.o
 .text.SPI_EndRxTxTransaction
                0x08002b0c       0x3c ./Drivers/STM32F1xx_HAL_Driver/Src/stm32f1xx_hal_spi.o
 .text.HAL_TIM_Base_Init
                0x08002b48       0x9e ./Drivers/STM32F1xx_HAL_Driver/Src/stm32f1xx_hal_tim.o
                0x08002b48                HAL_TIM_Base_Init
 .text.HAL_TIM_Base_MspInit
                0x08002be6       0x12 ./Drivers/STM32F1xx_HAL_Driver/Src/stm32f1xx_hal_tim.o
                0x08002be6                HAL_TIM_Base_MspInit
 .text.HAL_TIM_Base_Start_IT
                0x08002bf8       0xa4 ./Drivers/STM32F1xx_HAL_Driver/Src/stm32f1xx_hal_tim.o
                0x08002bf8                HAL_TIM_Base_Start_IT
 .text.HAL_TIM_IRQHandler
                0x08002c9c      0x210 ./Drivers/STM32F1xx_HAL_Driver/Src/stm32f1xx_hal_tim.o
                0x08002c9c                HAL_TIM_IRQHandler
 .text.HAL_TIM_OC_DelayElapsedCallback
                0x08002eac       0x12 ./Drivers/STM32F1xx_HAL_Driver/Src/stm32f1xx_hal_tim.o
                0x08002eac                HAL_TIM_OC_DelayElapsedCallback
 .text.HAL_TIM_IC_CaptureCallback
                0x08002ebe       0x12 ./Drivers/STM32F1xx_HAL_Driver/Src/stm32f1xx_hal_tim.o
                0x08002ebe                HAL_TIM_IC_CaptureCallback
 .text.HAL_TIM_PWM_PulseFinishedCallback
                0x08002ed0       0x12 ./Drivers/STM32F1xx_HAL_Driver/Src/stm32f1xx_hal_tim.o
                0x08002ed0                HAL_TIM_PWM_PulseFinishedCallback
 .text.HAL_TIM_TriggerCallback
                0x08002ee2       0x12 ./Drivers/STM32F1xx_HAL_Driver/Src/stm32f1xx_hal_tim.o
                0x08002ee2                HAL_TIM_TriggerCallback
 .text.TIM_Base_SetConfig
                0x08002ef4       0xc4 ./Drivers/STM32F1xx_HAL_Driver/Src/stm32f1xx_hal_tim.o
                0x08002ef4                TIM_Base_SetConfig
 .text.HAL_TIMEx_CommutCallback
                0x08002fb8       0x12 ./Drivers/STM32F1xx_HAL_Driver/Src/stm32f1xx_hal_tim_ex.o
                0x08002fb8                HAL_TIMEx_CommutCallback
 .text.HAL_TIMEx_BreakCallback
                0x08002fca       0x12 ./Drivers/STM32F1xx_HAL_Driver/Src/stm32f1xx_hal_tim_ex.o
                0x08002fca                HAL_TIMEx_BreakCallback
 .text.xQueueGenericReset
                0x08002fdc      0x124 C:\Users\Hung\Documents\stm32f103-freertos-main\freertos\Debug\libfreertos.a(queue.o)
                0x08002fdc                xQueueGenericReset
 .text.xQueueGenericCreate
                0x08003100       0x9e C:\Users\Hung\Documents\stm32f103-freertos-main\freertos\Debug\libfreertos.a(queue.o)
                0x08003100                xQueueGenericCreate
 .text.prvInitialiseNewQueue
                0x0800319e       0x46 C:\Users\Hung\Documents\stm32f103-freertos-main\freertos\Debug\libfreertos.a(queue.o)
 .text.prvInitialiseMutex
                0x080031e4       0x34 C:\Users\Hung\Documents\stm32f103-freertos-main\freertos\Debug\libfreertos.a(queue.o)
 .text.xQueueCreateMutex
                0x08003218       0x30 C:\Users\Hung\Documents\stm32f103-freertos-main\freertos\Debug\libfreertos.a(queue.o)
                0x08003218                xQueueCreateMutex
 .text.xQueueGenericSend
                0x08003248      0x204 C:\Users\Hung\Documents\stm32f103-freertos-main\freertos\Debug\libfreertos.a(queue.o)
                0x08003248                xQueueGenericSend
 .text.xQueueReceive
                0x0800344c      0x1c4 C:\Users\Hung\Documents\stm32f103-freertos-main\freertos\Debug\libfreertos.a(queue.o)
                0x0800344c                xQueueReceive
 .text.xQueueSemaphoreTake
                0x08003610      0x200 C:\Users\Hung\Documents\stm32f103-freertos-main\freertos\Debug\libfreertos.a(queue.o)
                0x08003610                xQueueSemaphoreTake
 .text.prvGetDisinheritPriorityAfterTimeout
                0x08003810       0x2e C:\Users\Hung\Documents\stm32f103-freertos-main\freertos\Debug\libfreertos.a(queue.o)
 .text.prvCopyDataToQueue
                0x0800383e       0xd4 C:\Users\Hung\Documents\stm32f103-freertos-main\freertos\Debug\libfreertos.a(queue.o)
 .text.prvCopyDataFromQueue
                0x08003912       0x4c C:\Users\Hung\Documents\stm32f103-freertos-main\freertos\Debug\libfreertos.a(queue.o)
 .text.prvUnlockQueue
                0x0800395e       0xa4 C:\Users\Hung\Documents\stm32f103-freertos-main\freertos\Debug\libfreertos.a(queue.o)
 .text.prvIsQueueEmpty
                0x08003a02       0x2c C:\Users\Hung\Documents\stm32f103-freertos-main\freertos\Debug\libfreertos.a(queue.o)
 .text.prvIsQueueFull
                0x08003a2e       0x30 C:\Users\Hung\Documents\stm32f103-freertos-main\freertos\Debug\libfreertos.a(queue.o)
 *fill*         0x08003a5e        0x2 
 .text.vQueueAddToRegistry
                0x08003a60       0x9c C:\Users\Hung\Documents\stm32f103-freertos-main\freertos\Debug\libfreertos.a(queue.o)
                0x08003a60                vQueueAddToRegistry
 .text.vQueueWaitForMessageRestricted
                0x08003afc       0x68 C:\Users\Hung\Documents\stm32f103-freertos-main\freertos\Debug\libfreertos.a(queue.o)
                0x08003afc                vQueueWaitForMessageRestricted
 .text.xTaskCreate
                0x08003b64       0x8a C:\Users\Hung\Documents\stm32f103-freertos-main\freertos\Debug\libfreertos.a(tasks.o)
                0x08003b64                xTaskCreate
 .text.prvInitialiseNewTask
                0x08003bee      0x120 C:\Users\Hung\Documents\stm32f103-freertos-main\freertos\Debug\libfreertos.a(tasks.o)
 *fill*         0x08003d0e        0x2 
 .text.prvAddNewTaskToReadyList
                0x08003d10      0x130 C:\Users\Hung\Documents\stm32f103-freertos-main\freertos\Debug\libfreertos.a(tasks.o)
 .text.vTaskDelay
                0x08003e40       0x6c C:\Users\Hung\Documents\stm32f103-freertos-main\freertos\Debug\libfreertos.a(tasks.o)
                0x08003e40                vTaskDelay
 .text.vTaskStartScheduler
                0x08003eac       0xa4 C:\Users\Hung\Documents\stm32f103-freertos-main\freertos\Debug\libfreertos.a(tasks.o)
                0x08003eac                vTaskStartScheduler
 .text.vTaskSuspendAll
                0x08003f50       0x1c C:\Users\Hung\Documents\stm32f103-freertos-main\freertos\Debug\libfreertos.a(tasks.o)
                0x08003f50                vTaskSuspendAll
 .text.prvGetExpectedIdleTime
                0x08003f6c       0x6c C:\Users\Hung\Documents\stm32f103-freertos-main\freertos\Debug\libfreertos.a(tasks.o)
 .text.xTaskResumeAll
                0x08003fd8      0x1fc C:\Users\Hung\Documents\stm32f103-freertos-main\freertos\Debug\libfreertos.a(tasks.o)
                0x08003fd8                xTaskResumeAll
 .text.xTaskGetTickCount
                0x080041d4       0x1c C:\Users\Hung\Documents\stm32f103-freertos-main\freertos\Debug\libfreertos.a(tasks.o)
                0x080041d4                xTaskGetTickCount
 .text.vTaskStepTick
                0x080041f0       0xbc C:\Users\Hung\Documents\stm32f103-freertos-main\freertos\Debug\libfreertos.a(tasks.o)
                0x080041f0                vTaskStepTick
 .text.xTaskIncrementTick
                0x080042ac      0x230 C:\Users\Hung\Documents\stm32f103-freertos-main\freertos\Debug\libfreertos.a(tasks.o)
                0x080042ac                xTaskIncrementTick
 .text.vTaskSwitchContext
                0x080044dc       0xbc C:\Users\Hung\Documents\stm32f103-freertos-main\freertos\Debug\libfreertos.a(tasks.o)
                0x080044dc                vTaskSwitchContext
 .text.vTaskPlaceOnEventList
                0x08004598       0x4c C:\Users\Hung\Documents\stm32f103-freertos-main\freertos\Debug\libfreertos.a(tasks.o)
                0x08004598                vTaskPlaceOnEventList
 .text.vTaskPlaceOnEventListRestricted
                0x080045e4       0x8c C:\Users\Hung\Documents\stm32f103-freertos-main\freertos\Debug\libfreertos.a(tasks.o)
                0x080045e4                vTaskPlaceOnEventListRestricted
 .text.xTaskRemoveFromEventList
                0x08004670      0x1b0 C:\Users\Hung\Documents\stm32f103-freertos-main\freertos\Debug\libfreertos.a(tasks.o)
                0x08004670                xTaskRemoveFromEventList
 .text.vTaskInternalSetTimeOutState
                0x08004820       0x2c C:\Users\Hung\Documents\stm32f103-freertos-main\freertos\Debug\libfreertos.a(tasks.o)
                0x08004820                vTaskInternalSetTimeOutState
 .text.xTaskCheckForTimeOut
                0x0800484c       0xd0 C:\Users\Hung\Documents\stm32f103-freertos-main\freertos\Debug\libfreertos.a(tasks.o)
                0x0800484c                xTaskCheckForTimeOut
 .text.vTaskMissedYield
                0x0800491c       0x18 C:\Users\Hung\Documents\stm32f103-freertos-main\freertos\Debug\libfreertos.a(tasks.o)
                0x0800491c                vTaskMissedYield
 .text.prvIdleTask
                0x08004934       0x80 C:\Users\Hung\Documents\stm32f103-freertos-main\freertos\Debug\libfreertos.a(tasks.o)
 .text.eTaskConfirmSleepModeStatus
                0x080049b4       0x6c C:\Users\Hung\Documents\stm32f103-freertos-main\freertos\Debug\libfreertos.a(tasks.o)
                0x080049b4                eTaskConfirmSleepModeStatus
 .text.prvInitialiseTaskLists
                0x08004a20       0x80 C:\Users\Hung\Documents\stm32f103-freertos-main\freertos\Debug\libfreertos.a(tasks.o)
 .text.prvCheckTasksWaitingTermination
                0x08004aa0       0x5c C:\Users\Hung\Documents\stm32f103-freertos-main\freertos\Debug\libfreertos.a(tasks.o)
 .text.prvDeleteTCB
                0x08004afc       0x20 C:\Users\Hung\Documents\stm32f103-freertos-main\freertos\Debug\libfreertos.a(tasks.o)
 .text.prvResetNextTaskUnblockTime
                0x08004b1c       0x34 C:\Users\Hung\Documents\stm32f103-freertos-main\freertos\Debug\libfreertos.a(tasks.o)
 .text.xTaskGetSchedulerState
                0x08004b50       0x3c C:\Users\Hung\Documents\stm32f103-freertos-main\freertos\Debug\libfreertos.a(tasks.o)
                0x08004b50                xTaskGetSchedulerState
 .text.xTaskPriorityInherit
                0x08004b8c      0x120 C:\Users\Hung\Documents\stm32f103-freertos-main\freertos\Debug\libfreertos.a(tasks.o)
                0x08004b8c                xTaskPriorityInherit
 .text.xTaskPriorityDisinherit
                0x08004cac      0x130 C:\Users\Hung\Documents\stm32f103-freertos-main\freertos\Debug\libfreertos.a(tasks.o)
                0x08004cac                xTaskPriorityDisinherit
 .text.vTaskPriorityDisinheritAfterTimeout
                0x08004ddc      0x158 C:\Users\Hung\Documents\stm32f103-freertos-main\freertos\Debug\libfreertos.a(tasks.o)
                0x08004ddc                vTaskPriorityDisinheritAfterTimeout
 .text.pvTaskIncrementMutexHeldCount
                0x08004f34       0x28 C:\Users\Hung\Documents\stm32f103-freertos-main\freertos\Debug\libfreertos.a(tasks.o)
                0x08004f34                pvTaskIncrementMutexHeldCount
 .text.prvAddCurrentTaskToDelayedList
                0x08004f5c       0xdc C:\Users\Hung\Documents\stm32f103-freertos-main\freertos\Debug\libfreertos.a(tasks.o)
 .text.xTimerCreateTimerTask
                0x08005038       0x64 C:\Users\Hung\Documents\stm32f103-freertos-main\freertos\Debug\libfreertos.a(timers.o)
                0x08005038                xTimerCreateTimerTask
 .text.prvReloadTimer
                0x0800509c       0x42 C:\Users\Hung\Documents\stm32f103-freertos-main\freertos\Debug\libfreertos.a(timers.o)
 *fill*         0x080050de        0x2 
 .text.prvProcessExpiredTimer
                0x080050e0       0x60 C:\Users\Hung\Documents\stm32f103-freertos-main\freertos\Debug\libfreertos.a(timers.o)
 .text.prvTimerTask
                0x08005140       0x26 C:\Users\Hung\Documents\stm32f103-freertos-main\freertos\Debug\libfreertos.a(timers.o)
 *fill*         0x08005166        0x2 
 .text.prvProcessTimerOrBlockTask
                0x08005168       0x9c C:\Users\Hung\Documents\stm32f103-freertos-main\freertos\Debug\libfreertos.a(timers.o)
 .text.prvGetNextExpireTime
                0x08005204       0x44 C:\Users\Hung\Documents\stm32f103-freertos-main\freertos\Debug\libfreertos.a(timers.o)
 .text.prvSampleTimeNow
                0x08005248       0x40 C:\Users\Hung\Documents\stm32f103-freertos-main\freertos\Debug\libfreertos.a(timers.o)
 .text.prvInsertTimerInActiveList
                0x08005288       0x84 C:\Users\Hung\Documents\stm32f103-freertos-main\freertos\Debug\libfreertos.a(timers.o)
 .text.prvProcessReceivedCommands
                0x0800530c      0x184 C:\Users\Hung\Documents\stm32f103-freertos-main\freertos\Debug\libfreertos.a(timers.o)
 .text.prvSwitchTimerLists
                0x08005490       0x4c C:\Users\Hung\Documents\stm32f103-freertos-main\freertos\Debug\libfreertos.a(timers.o)
 .text.prvCheckForValidListAndQueue
                0x080054dc       0x6c C:\Users\Hung\Documents\stm32f103-freertos-main\freertos\Debug\libfreertos.a(timers.o)
 .text.pvPortMalloc
                0x08005548       0x24 C:\Users\Hung\Documents\stm32f103-freertos-main\freertos\Debug\libfreertos.a(heap_3.o)
                0x08005548                pvPortMalloc
 .text.vPortFree
                0x0800556c       0x24 C:\Users\Hung\Documents\stm32f103-freertos-main\freertos\Debug\libfreertos.a(heap_3.o)
                0x0800556c                vPortFree
 .text.vListInitialise
                0x08005590       0x3e C:\Users\Hung\Documents\stm32f103-freertos-main\freertos\Debug\libfreertos.a(list.o)
                0x08005590                vListInitialise
 .text.vListInitialiseItem
                0x080055ce       0x18 C:\Users\Hung\Documents\stm32f103-freertos-main\freertos\Debug\libfreertos.a(list.o)
                0x080055ce                vListInitialiseItem
 .text.vListInsert
                0x080055e6       0x70 C:\Users\Hung\Documents\stm32f103-freertos-main\freertos\Debug\libfreertos.a(list.o)
                0x080055e6                vListInsert
 .text.uxListRemove
                0x08005656       0x52 C:\Users\Hung\Documents\stm32f103-freertos-main\freertos\Debug\libfreertos.a(list.o)
                0x08005656                uxListRemove
 .text.pxPortInitialiseStack
                0x080056a8       0x58 C:\Users\Hung\Documents\stm32f103-freertos-main\freertos\Debug\libfreertos.a(port.o)
                0x080056a8                pxPortInitialiseStack
 .text.prvTaskExitError
                0x08005700       0x58 C:\Users\Hung\Documents\stm32f103-freertos-main\freertos\Debug\libfreertos.a(port.o)
 *fill*         0x08005758        0x8 
 .text.SVC_Handler
                0x08005760       0x28 C:\Users\Hung\Documents\stm32f103-freertos-main\freertos\Debug\libfreertos.a(port.o)
                0x08005760                SVC_Handler
 .text.prvPortStartFirstTask
                0x08005788       0x24 C:\Users\Hung\Documents\stm32f103-freertos-main\freertos\Debug\libfreertos.a(port.o)
 .text.xPortStartScheduler
                0x080057ac       0xe4 C:\Users\Hung\Documents\stm32f103-freertos-main\freertos\Debug\libfreertos.a(port.o)
                0x080057ac                xPortStartScheduler
 .text.vPortEnterCritical
                0x08005890       0x60 C:\Users\Hung\Documents\stm32f103-freertos-main\freertos\Debug\libfreertos.a(port.o)
                0x08005890                vPortEnterCritical
 .text.vPortExitCritical
                0x080058f0       0x54 C:\Users\Hung\Documents\stm32f103-freertos-main\freertos\Debug\libfreertos.a(port.o)
                0x080058f0                vPortExitCritical
 *fill*         0x08005944        0xc 
 .text.PendSV_Handler
                0x08005950       0x48 C:\Users\Hung\Documents\stm32f103-freertos-main\freertos\Debug\libfreertos.a(port.o)
                0x08005950                PendSV_Handler
 .text.SysTick_Handler
                0x08005998       0x44 C:\Users\Hung\Documents\stm32f103-freertos-main\freertos\Debug\libfreertos.a(port.o)
                0x08005998                SysTick_Handler
 .text.vPortSuppressTicksAndSleep
                0x080059dc      0x194 C:\Users\Hung\Documents\stm32f103-freertos-main\freertos\Debug\libfreertos.a(port.o)
                0x080059dc                vPortSuppressTicksAndSleep
 .text.vPortSetupTimerInterrupt
                0x08005b70       0x78 C:\Users\Hung\Documents\stm32f103-freertos-main\freertos\Debug\libfreertos.a(port.o)
                0x08005b70                vPortSetupTimerInterrupt
 .text.malloc   0x08005be8       0x10 C:/stm32/app/STM32CubeIDE_1.16.0/STM32CubeIDE/plugins/com.st.stm32cube.ide.mcu.externaltools.gnu-tools-for-stm32.12.3.rel1.win32_1.0.200.202406191623/tools/bin/../lib/gcc/arm-none-eabi/12.3.1/../../../../arm-none-eabi/lib/thumb/v7-m/nofp\libc_nano.a(libc_a-malloc.o)
                0x08005be8                malloc
 .text.free     0x08005bf8       0x10 C:/stm32/app/STM32CubeIDE_1.16.0/STM32CubeIDE/plugins/com.st.stm32cube.ide.mcu.externaltools.gnu-tools-for-stm32.12.3.rel1.win32_1.0.200.202406191623/tools/bin/../lib/gcc/arm-none-eabi/12.3.1/../../../../arm-none-eabi/lib/thumb/v7-m/nofp\libc_nano.a(libc_a-malloc.o)
                0x08005bf8                free
 .text.sbrk_aligned
                0x08005c08       0x44 C:/stm32/app/STM32CubeIDE_1.16.0/STM32CubeIDE/plugins/com.st.stm32cube.ide.mcu.externaltools.gnu-tools-for-stm32.12.3.rel1.win32_1.0.200.202406191623/tools/bin/../lib/gcc/arm-none-eabi/12.3.1/../../../../arm-none-eabi/lib/thumb/v7-m/nofp\libc_nano.a(libc_a-mallocr.o)
 .text._malloc_r
                0x08005c4c      0x100 C:/stm32/app/STM32CubeIDE_1.16.0/STM32CubeIDE/plugins/com.st.stm32cube.ide.mcu.externaltools.gnu-tools-for-stm32.12.3.rel1.win32_1.0.200.202406191623/tools/bin/../lib/gcc/arm-none-eabi/12.3.1/../../../../arm-none-eabi/lib/thumb/v7-m/nofp\libc_nano.a(libc_a-mallocr.o)
                0x08005c4c                _malloc_r
 .text.__malloc_lock
                0x08005d4c        0xc C:/stm32/app/STM32CubeIDE_1.16.0/STM32CubeIDE/plugins/com.st.stm32cube.ide.mcu.externaltools.gnu-tools-for-stm32.12.3.rel1.win32_1.0.200.202406191623/tools/bin/../lib/gcc/arm-none-eabi/12.3.1/../../../../arm-none-eabi/lib/thumb/v7-m/nofp\libc_nano.a(libc_a-mlock.o)
                0x08005d4c                __malloc_lock
 .text.__malloc_unlock
                0x08005d58        0xc C:/stm32/app/STM32CubeIDE_1.16.0/STM32CubeIDE/plugins/com.st.stm32cube.ide.mcu.externaltools.gnu-tools-for-stm32.12.3.rel1.win32_1.0.200.202406191623/tools/bin/../lib/gcc/arm-none-eabi/12.3.1/../../../../arm-none-eabi/lib/thumb/v7-m/nofp\libc_nano.a(libc_a-mlock.o)
                0x08005d58                __malloc_unlock
 .text.sprintf  0x08005d64       0x40 C:/stm32/app/STM32CubeIDE_1.16.0/STM32CubeIDE/plugins/com.st.stm32cube.ide.mcu.externaltools.gnu-tools-for-stm32.12.3.rel1.win32_1.0.200.202406191623/tools/bin/../lib/gcc/arm-none-eabi/12.3.1/../../../../arm-none-eabi/lib/thumb/v7-m/nofp\libc_nano.a(libc_a-sprintf.o)
                0x08005d64                siprintf
                0x08005d64                sprintf
 .text.memset   0x08005da4       0x10 C:/stm32/app/STM32CubeIDE_1.16.0/STM32CubeIDE/plugins/com.st.stm32cube.ide.mcu.externaltools.gnu-tools-for-stm32.12.3.rel1.win32_1.0.200.202406191623/tools/bin/../lib/gcc/arm-none-eabi/12.3.1/../../../../arm-none-eabi/lib/thumb/v7-m/nofp\libc_nano.a(libc_a-memset.o)
                0x08005da4                memset
 .text._sbrk_r  0x08005db4       0x20 C:/stm32/app/STM32CubeIDE_1.16.0/STM32CubeIDE/plugins/com.st.stm32cube.ide.mcu.externaltools.gnu-tools-for-stm32.12.3.rel1.win32_1.0.200.202406191623/tools/bin/../lib/gcc/arm-none-eabi/12.3.1/../../../../arm-none-eabi/lib/thumb/v7-m/nofp\libc_nano.a(libc_a-sbrkr.o)
                0x08005db4                _sbrk_r
 .text.__errno  0x08005dd4        0xc C:/stm32/app/STM32CubeIDE_1.16.0/STM32CubeIDE/plugins/com.st.stm32cube.ide.mcu.externaltools.gnu-tools-for-stm32.12.3.rel1.win32_1.0.200.202406191623/tools/bin/../lib/gcc/arm-none-eabi/12.3.1/../../../../arm-none-eabi/lib/thumb/v7-m/nofp\libc_nano.a(libc_a-errno.o)
                0x08005dd4                __errno
 .text.__libc_init_array
                0x08005de0       0x48 C:/stm32/app/STM32CubeIDE_1.16.0/STM32CubeIDE/plugins/com.st.stm32cube.ide.mcu.externaltools.gnu-tools-for-stm32.12.3.rel1.win32_1.0.200.202406191623/tools/bin/../lib/gcc/arm-none-eabi/12.3.1/../../../../arm-none-eabi/lib/thumb/v7-m/nofp\libc_nano.a(libc_a-init.o)
                0x08005de0                __libc_init_array
 .text.__retarget_lock_acquire_recursive
                0x08005e28        0x2 C:/stm32/app/STM32CubeIDE_1.16.0/STM32CubeIDE/plugins/com.st.stm32cube.ide.mcu.externaltools.gnu-tools-for-stm32.12.3.rel1.win32_1.0.200.202406191623/tools/bin/../lib/gcc/arm-none-eabi/12.3.1/../../../../arm-none-eabi/lib/thumb/v7-m/nofp\libc_nano.a(libc_a-lock.o)
                0x08005e28                __retarget_lock_acquire_recursive
 .text.__retarget_lock_release_recursive
                0x08005e2a        0x2 C:/stm32/app/STM32CubeIDE_1.16.0/STM32CubeIDE/plugins/com.st.stm32cube.ide.mcu.externaltools.gnu-tools-for-stm32.12.3.rel1.win32_1.0.200.202406191623/tools/bin/../lib/gcc/arm-none-eabi/12.3.1/../../../../arm-none-eabi/lib/thumb/v7-m/nofp\libc_nano.a(libc_a-lock.o)
                0x08005e2a                __retarget_lock_release_recursive
 .text.memcpy   0x08005e2c       0x1c C:/stm32/app/STM32CubeIDE_1.16.0/STM32CubeIDE/plugins/com.st.stm32cube.ide.mcu.externaltools.gnu-tools-for-stm32.12.3.rel1.win32_1.0.200.202406191623/tools/bin/../lib/gcc/arm-none-eabi/12.3.1/../../../../arm-none-eabi/lib/thumb/v7-m/nofp\libc_nano.a(libc_a-memcpy-stub.o)
                0x08005e2c                memcpy
 .text._free_r  0x08005e48       0x90 C:/stm32/app/STM32CubeIDE_1.16.0/STM32CubeIDE/plugins/com.st.stm32cube.ide.mcu.externaltools.gnu-tools-for-stm32.12.3.rel1.win32_1.0.200.202406191623/tools/bin/../lib/gcc/arm-none-eabi/12.3.1/../../../../arm-none-eabi/lib/thumb/v7-m/nofp\libc_nano.a(libc_a-freer.o)
                0x08005e48                _free_r
 .text.__ssputs_r
                0x08005ed8       0xb6 C:/stm32/app/STM32CubeIDE_1.16.0/STM32CubeIDE/plugins/com.st.stm32cube.ide.mcu.externaltools.gnu-tools-for-stm32.12.3.rel1.win32_1.0.200.202406191623/tools/bin/../lib/gcc/arm-none-eabi/12.3.1/../../../../arm-none-eabi/lib/thumb/v7-m/nofp\libc_nano.a(libc_a-nano-svfprintf.o)
                0x08005ed8                __ssputs_r
 *fill*         0x08005f8e        0x2 
 .text._svfprintf_r
                0x08005f90      0x1f8 C:/stm32/app/STM32CubeIDE_1.16.0/STM32CubeIDE/plugins/com.st.stm32cube.ide.mcu.externaltools.gnu-tools-for-stm32.12.3.rel1.win32_1.0.200.202406191623/tools/bin/../lib/gcc/arm-none-eabi/12.3.1/../../../../arm-none-eabi/lib/thumb/v7-m/nofp\libc_nano.a(libc_a-nano-svfprintf.o)
                0x08005f90                _svfiprintf_r
                0x08005f90                _svfprintf_r
 .text._printf_common
                0x08006188       0xe4 C:/stm32/app/STM32CubeIDE_1.16.0/STM32CubeIDE/plugins/com.st.stm32cube.ide.mcu.externaltools.gnu-tools-for-stm32.12.3.rel1.win32_1.0.200.202406191623/tools/bin/../lib/gcc/arm-none-eabi/12.3.1/../../../../arm-none-eabi/lib/thumb/v7-m/nofp\libc_nano.a(libc_a-nano-vfprintf_i.o)
                0x08006188                _printf_common
 .text._printf_i
                0x0800626c      0x240 C:/stm32/app/STM32CubeIDE_1.16.0/STM32CubeIDE/plugins/com.st.stm32cube.ide.mcu.externaltools.gnu-tools-for-stm32.12.3.rel1.win32_1.0.200.202406191623/tools/bin/../lib/gcc/arm-none-eabi/12.3.1/../../../../arm-none-eabi/lib/thumb/v7-m/nofp\libc_nano.a(libc_a-nano-vfprintf_i.o)
                0x0800626c                _printf_i
 .text.memmove  0x080064ac       0x34 C:/stm32/app/STM32CubeIDE_1.16.0/STM32CubeIDE/plugins/com.st.stm32cube.ide.mcu.externaltools.gnu-tools-for-stm32.12.3.rel1.win32_1.0.200.202406191623/tools/bin/../lib/gcc/arm-none-eabi/12.3.1/../../../../arm-none-eabi/lib/thumb/v7-m/nofp\libc_nano.a(libc_a-memmove.o)
                0x080064ac                memmove
 .text.memchr   0x080064e0       0x1c C:/stm32/app/STM32CubeIDE_1.16.0/STM32CubeIDE/plugins/com.st.stm32cube.ide.mcu.externaltools.gnu-tools-for-stm32.12.3.rel1.win32_1.0.200.202406191623/tools/bin/../lib/gcc/arm-none-eabi/12.3.1/../../../../arm-none-eabi/lib/thumb/v7-m/nofp\libc_nano.a(libc_a-memchr-stub.o)
                0x080064e0                memchr
 .text._realloc_r
                0x080064fc       0x5c C:/stm32/app/STM32CubeIDE_1.16.0/STM32CubeIDE/plugins/com.st.stm32cube.ide.mcu.externaltools.gnu-tools-for-stm32.12.3.rel1.win32_1.0.200.202406191623/tools/bin/../lib/gcc/arm-none-eabi/12.3.1/../../../../arm-none-eabi/lib/thumb/v7-m/nofp\libc_nano.a(libc_a-reallocr.o)
                0x080064fc                _realloc_r
 .text._malloc_usable_size_r
                0x08006558       0x10 C:/stm32/app/STM32CubeIDE_1.16.0/STM32CubeIDE/plugins/com.st.stm32cube.ide.mcu.externaltools.gnu-tools-for-stm32.12.3.rel1.win32_1.0.200.202406191623/tools/bin/../lib/gcc/arm-none-eabi/12.3.1/../../../../arm-none-eabi/lib/thumb/v7-m/nofp\libc_nano.a(libc_a-msizer.o)
                0x08006558                _malloc_usable_size_r
 *(.glue_7)
 .glue_7        0x08006568        0x0 linker stubs
 *(.glue_7t)
 .glue_7t       0x08006568        0x0 linker stubs
 *(.eh_frame)
 .eh_frame      0x08006568        0x0 C:/stm32/app/STM32CubeIDE_1.16.0/STM32CubeIDE/plugins/com.st.stm32cube.ide.mcu.externaltools.gnu-tools-for-stm32.12.3.rel1.win32_1.0.200.202406191623/tools/bin/../lib/gcc/arm-none-eabi/12.3.1/thumb/v7-m/nofp/crtbegin.o
 *(.init)
 .init          0x08006568        0x4 C:/stm32/app/STM32CubeIDE_1.16.0/STM32CubeIDE/plugins/com.st.stm32cube.ide.mcu.externaltools.gnu-tools-for-stm32.12.3.rel1.win32_1.0.200.202406191623/tools/bin/../lib/gcc/arm-none-eabi/12.3.1/thumb/v7-m/nofp/crti.o
                0x08006568                _init
 .init          0x0800656c        0x8 C:/stm32/app/STM32CubeIDE_1.16.0/STM32CubeIDE/plugins/com.st.stm32cube.ide.mcu.externaltools.gnu-tools-for-stm32.12.3.rel1.win32_1.0.200.202406191623/tools/bin/../lib/gcc/arm-none-eabi/12.3.1/thumb/v7-m/nofp/crtn.o
 *(.fini)
 .fini          0x08006574        0x4 C:/stm32/app/STM32CubeIDE_1.16.0/STM32CubeIDE/plugins/com.st.stm32cube.ide.mcu.externaltools.gnu-tools-for-stm32.12.3.rel1.win32_1.0.200.202406191623/tools/bin/../lib/gcc/arm-none-eabi/12.3.1/thumb/v7-m/nofp/crti.o
                0x08006574                _fini
 .fini          0x08006578        0x8 C:/stm32/app/STM32CubeIDE_1.16.0/STM32CubeIDE/plugins/com.st.stm32cube.ide.mcu.externaltools.gnu-tools-for-stm32.12.3.rel1.win32_1.0.200.202406191623/tools/bin/../lib/gcc/arm-none-eabi/12.3.1/thumb/v7-m/nofp/crtn.o
                0x08006580                        . = ALIGN (0x4)
                0x08006580                        _etext = .

.vfp11_veneer   0x08006580        0x0
 .vfp11_veneer  0x08006580        0x0 linker stubs

.v4_bx          0x08006580        0x0
 .v4_bx         0x08006580        0x0 linker stubs

.iplt           0x08006580        0x0
 .iplt          0x08006580        0x0 C:/stm32/app/STM32CubeIDE_1.16.0/STM32CubeIDE/plugins/com.st.stm32cube.ide.mcu.externaltools.gnu-tools-for-stm32.12.3.rel1.win32_1.0.200.202406191623/tools/bin/../lib/gcc/arm-none-eabi/12.3.1/thumb/v7-m/nofp/crtbegin.o

.rodata         0x08006580     0x2190
                0x08006580                        . = ALIGN (0x4)
 *(.rodata)
 .rodata        0x08006580       0x2d ./Core/Src/main.o
 *fill*         0x080065ad        0x3 
 .rodata        0x080065b0       0x33 ./Core/Src/tft_display.o
 *fill*         0x080065e3        0x1 
 .rodata        0x080065e4        0x5 C:\Users\Hung\Documents\stm32f103-freertos-main\freertos\Debug\libfreertos.a(tasks.o)
 *fill*         0x080065e9        0x3 
 .rodata        0x080065ec        0xd C:\Users\Hung\Documents\stm32f103-freertos-main\freertos\Debug\libfreertos.a(timers.o)
 *(.rodata*)
 *fill*         0x080065f9        0x3 
 .rodata.AHBPrescTable
                0x080065fc       0x10 ./Core/Src/system_stm32f1xx.o
                0x080065fc                AHBPrescTable
 .rodata.APBPrescTable
                0x0800660c        0x8 ./Core/Src/system_stm32f1xx.o
                0x0800660c                APBPrescTable
 .rodata.Font11x18
                0x08006614      0xd5c ./Core/Src/tft_fonts.o
 .rodata.Font16x26
                0x08007370     0x134c ./Core/Src/tft_fonts.o
 .rodata.cmd_read_y.2
                0x080086bc        0x1 ./Core/Src/tft_touch.o
 *fill*         0x080086bd        0x3 
 .rodata.zeroes_tx.1
                0x080086c0        0x2 ./Core/Src/tft_touch.o
 *fill*         0x080086c2        0x2 
 .rodata.cmd_read_x.0
                0x080086c4        0x1 ./Core/Src/tft_touch.o
 *fill*         0x080086c5        0x3 
 .rodata.aPLLMULFactorTable.1
                0x080086c8       0x10 ./Drivers/STM32F1xx_HAL_Driver/Src/stm32f1xx_hal_rcc.o
 .rodata.aPredivFactorTable.0
                0x080086d8        0x2 ./Drivers/STM32F1xx_HAL_Driver/Src/stm32f1xx_hal_rcc.o
 .rodata._svfprintf_r.str1.1
                0x080086da       0x11 C:/stm32/app/STM32CubeIDE_1.16.0/STM32CubeIDE/plugins/com.st.stm32cube.ide.mcu.externaltools.gnu-tools-for-stm32.12.3.rel1.win32_1.0.200.202406191623/tools/bin/../lib/gcc/arm-none-eabi/12.3.1/../../../../arm-none-eabi/lib/thumb/v7-m/nofp\libc_nano.a(libc_a-nano-svfprintf.o)
 .rodata._printf_i.str1.1
                0x080086eb       0x22 C:/stm32/app/STM32CubeIDE_1.16.0/STM32CubeIDE/plugins/com.st.stm32cube.ide.mcu.externaltools.gnu-tools-for-stm32.12.3.rel1.win32_1.0.200.202406191623/tools/bin/../lib/gcc/arm-none-eabi/12.3.1/../../../../arm-none-eabi/lib/thumb/v7-m/nofp\libc_nano.a(libc_a-nano-vfprintf_i.o)
                0x08008710                        . = ALIGN (0x4)
 *fill*         0x0800870d        0x3 

.rel.dyn        0x08008710        0x0
 .rel.iplt      0x08008710        0x0 C:/stm32/app/STM32CubeIDE_1.16.0/STM32CubeIDE/plugins/com.st.stm32cube.ide.mcu.externaltools.gnu-tools-for-stm32.12.3.rel1.win32_1.0.200.202406191623/tools/bin/../lib/gcc/arm-none-eabi/12.3.1/thumb/v7-m/nofp/crtbegin.o

.ARM.extab      0x08008710        0x0
                0x08008710                        . = ALIGN (0x4)
 *(.ARM.extab* .gnu.linkonce.armextab.*)
                0x08008710                        . = ALIGN (0x4)

.ARM            0x08008710        0x0
                0x08008710                        . = ALIGN (0x4)
                0x08008710                        __exidx_start = .
 *(.ARM.exidx*)
                0x08008710                        __exidx_end = .
                0x08008710                        . = ALIGN (0x4)

.preinit_array  0x08008710        0x0
                0x08008710                        . = ALIGN (0x4)
                0x08008710                        PROVIDE (__preinit_array_start = .)
 *(.preinit_array*)
                0x08008710                        PROVIDE (__preinit_array_end = .)
                0x08008710                        . = ALIGN (0x4)

.init_array     0x08008710        0x4
                0x08008710                        . = ALIGN (0x4)
                0x08008710                        PROVIDE (__init_array_start = .)
 *(SORT_BY_NAME(.init_array.*))
 *(.init_array*)
 .init_array    0x08008710        0x4 C:/stm32/app/STM32CubeIDE_1.16.0/STM32CubeIDE/plugins/com.st.stm32cube.ide.mcu.externaltools.gnu-tools-for-stm32.12.3.rel1.win32_1.0.200.202406191623/tools/bin/../lib/gcc/arm-none-eabi/12.3.1/thumb/v7-m/nofp/crtbegin.o
                0x08008714                        PROVIDE (__init_array_end = .)
                0x08008714                        . = ALIGN (0x4)

.fini_array     0x08008714        0x4
                0x08008714                        . = ALIGN (0x4)
                [!provide]                        PROVIDE (__fini_array_start = .)
 *(SORT_BY_NAME(.fini_array.*))
 *(.fini_array*)
 .fini_array    0x08008714        0x4 C:/stm32/app/STM32CubeIDE_1.16.0/STM32CubeIDE/plugins/com.st.stm32cube.ide.mcu.externaltools.gnu-tools-for-stm32.12.3.rel1.win32_1.0.200.202406191623/tools/bin/../lib/gcc/arm-none-eabi/12.3.1/thumb/v7-m/nofp/crtbegin.o
                [!provide]                        PROVIDE (__fini_array_end = .)
                0x08008718                        . = ALIGN (0x4)
                0x08008718                        _sidata = LOADADDR (.data)

.data           0x20000000       0x74 load address 0x08008718
                0x20000000                        . = ALIGN (0x4)
                0x20000000                        _sdata = .
 *(.data)
 *(.data*)
 .data.SystemCoreClock
                0x20000000        0x4 ./Core/Src/system_stm32f1xx.o
                0x20000000                SystemCoreClock
 .data.Font_11x18
                0x20000004        0x8 ./Core/Src/tft_fonts.o
                0x20000004                Font_11x18
 .data.Font_16x26
                0x2000000c        0x8 ./Core/Src/tft_fonts.o
                0x2000000c                Font_16x26
 .data.uwTickPrio
                0x20000014        0x4 ./Drivers/STM32F1xx_HAL_Driver/Src/stm32f1xx_hal.o
                0x20000014                uwTickPrio
 .data.uwTickFreq
                0x20000018        0x1 ./Drivers/STM32F1xx_HAL_Driver/Src/stm32f1xx_hal.o
                0x20000018                uwTickFreq
 *fill*         0x20000019        0x3 
 .data.uxTopUsedPriority
                0x2000001c        0x4 C:\Users\Hung\Documents\stm32f103-freertos-main\freertos\Debug\libfreertos.a(tasks.o)
                0x2000001c                uxTopUsedPriority
 .data.uxCriticalNesting
                0x20000020        0x4 C:\Users\Hung\Documents\stm32f103-freertos-main\freertos\Debug\libfreertos.a(port.o)
 .data._impure_ptr
                0x20000024        0x4 C:/stm32/app/STM32CubeIDE_1.16.0/STM32CubeIDE/plugins/com.st.stm32cube.ide.mcu.externaltools.gnu-tools-for-stm32.12.3.rel1.win32_1.0.200.202406191623/tools/bin/../lib/gcc/arm-none-eabi/12.3.1/../../../../arm-none-eabi/lib/thumb/v7-m/nofp\libc_nano.a(libc_a-impure.o)
                0x20000024                _impure_ptr
 .data._impure_data
                0x20000028       0x4c C:/stm32/app/STM32CubeIDE_1.16.0/STM32CubeIDE/plugins/com.st.stm32cube.ide.mcu.externaltools.gnu-tools-for-stm32.12.3.rel1.win32_1.0.200.202406191623/tools/bin/../lib/gcc/arm-none-eabi/12.3.1/../../../../arm-none-eabi/lib/thumb/v7-m/nofp\libc_nano.a(libc_a-impure.o)
                0x20000028                _impure_data
 *(.RamFunc)
 *(.RamFunc*)
                0x20000074                        . = ALIGN (0x4)
                0x20000074                        _edata = .

.igot.plt       0x20000074        0x0 load address 0x0800878c
 .igot.plt      0x20000074        0x0 C:/stm32/app/STM32CubeIDE_1.16.0/STM32CubeIDE/plugins/com.st.stm32cube.ide.mcu.externaltools.gnu-tools-for-stm32.12.3.rel1.win32_1.0.200.202406191623/tools/bin/../lib/gcc/arm-none-eabi/12.3.1/thumb/v7-m/nofp/crtbegin.o
                0x20000074                        . = ALIGN (0x4)

.bss            0x20000074      0x3a8 load address 0x0800878c
                0x20000074                        _sbss = .
                0x20000074                        __bss_start__ = _sbss
 *(.bss)
 .bss           0x20000074       0x1c C:/stm32/app/STM32CubeIDE_1.16.0/STM32CubeIDE/plugins/com.st.stm32cube.ide.mcu.externaltools.gnu-tools-for-stm32.12.3.rel1.win32_1.0.200.202406191623/tools/bin/../lib/gcc/arm-none-eabi/12.3.1/thumb/v7-m/nofp/crtbegin.o
 *(.bss*)
 .bss.hspi1     0x20000090       0x58 ./Core/Src/main.o
                0x20000090                hspi1
 .bss.mutex     0x200000e8        0x4 ./Core/Src/main.o
                0x200000e8                mutex
 .bss.queue     0x200000ec        0x4 ./Core/Src/main.o
                0x200000ec                queue
 .bss.htim1     0x200000f0       0x48 ./Core/Src/stm32f1xx_hal_timebase_tim.o
                0x200000f0                htim1
 .bss.__sbrk_heap_end
                0x20000138        0x4 ./Core/Src/sysmem.o
 .bss.uwTick    0x2000013c        0x4 ./Drivers/STM32F1xx_HAL_Driver/Src/stm32f1xx_hal.o
                0x2000013c                uwTick
 .bss.xQueueRegistry
                0x20000140       0x40 C:\Users\Hung\Documents\stm32f103-freertos-main\freertos\Debug\libfreertos.a(queue.o)
                0x20000140                xQueueRegistry
 .bss.pxCurrentTCB
                0x20000180        0x4 C:\Users\Hung\Documents\stm32f103-freertos-main\freertos\Debug\libfreertos.a(tasks.o)
                0x20000180                pxCurrentTCB
 .bss.pxReadyTasksLists
                0x20000184       0x64 C:\Users\Hung\Documents\stm32f103-freertos-main\freertos\Debug\libfreertos.a(tasks.o)
 .bss.xDelayedTaskList1
                0x200001e8       0x14 C:\Users\Hung\Documents\stm32f103-freertos-main\freertos\Debug\libfreertos.a(tasks.o)
 .bss.xDelayedTaskList2
                0x200001fc       0x14 C:\Users\Hung\Documents\stm32f103-freertos-main\freertos\Debug\libfreertos.a(tasks.o)
 .bss.pxDelayedTaskList
                0x20000210        0x4 C:\Users\Hung\Documents\stm32f103-freertos-main\freertos\Debug\libfreertos.a(tasks.o)
 .bss.pxOverflowDelayedTaskList
                0x20000214        0x4 C:\Users\Hung\Documents\stm32f103-freertos-main\freertos\Debug\libfreertos.a(tasks.o)
 .bss.xPendingReadyList
                0x20000218       0x14 C:\Users\Hung\Documents\stm32f103-freertos-main\freertos\Debug\libfreertos.a(tasks.o)
 .bss.xTasksWaitingTermination
                0x2000022c       0x14 C:\Users\Hung\Documents\stm32f103-freertos-main\freertos\Debug\libfreertos.a(tasks.o)
 .bss.uxDeletedTasksWaitingCleanUp
                0x20000240        0x4 C:\Users\Hung\Documents\stm32f103-freertos-main\freertos\Debug\libfreertos.a(tasks.o)
 .bss.xSuspendedTaskList
                0x20000244       0x14 C:\Users\Hung\Documents\stm32f103-freertos-main\freertos\Debug\libfreertos.a(tasks.o)
 .bss.uxCurrentNumberOfTasks
                0x20000258        0x4 C:\Users\Hung\Documents\stm32f103-freertos-main\freertos\Debug\libfreertos.a(tasks.o)
 .bss.xTickCount
                0x2000025c        0x4 C:\Users\Hung\Documents\stm32f103-freertos-main\freertos\Debug\libfreertos.a(tasks.o)
 .bss.uxTopReadyPriority
                0x20000260        0x4 C:\Users\Hung\Documents\stm32f103-freertos-main\freertos\Debug\libfreertos.a(tasks.o)
 .bss.xSchedulerRunning
                0x20000264        0x4 C:\Users\Hung\Documents\stm32f103-freertos-main\freertos\Debug\libfreertos.a(tasks.o)
 .bss.xPendedTicks
                0x20000268        0x4 C:\Users\Hung\Documents\stm32f103-freertos-main\freertos\Debug\libfreertos.a(tasks.o)
 .bss.xYieldPending
                0x2000026c        0x4 C:\Users\Hung\Documents\stm32f103-freertos-main\freertos\Debug\libfreertos.a(tasks.o)
 .bss.xNumOfOverflows
                0x20000270        0x4 C:\Users\Hung\Documents\stm32f103-freertos-main\freertos\Debug\libfreertos.a(tasks.o)
 .bss.uxTaskNumber
                0x20000274        0x4 C:\Users\Hung\Documents\stm32f103-freertos-main\freertos\Debug\libfreertos.a(tasks.o)
 .bss.xNextTaskUnblockTime
                0x20000278        0x4 C:\Users\Hung\Documents\stm32f103-freertos-main\freertos\Debug\libfreertos.a(tasks.o)
 .bss.xIdleTaskHandle
                0x2000027c        0x4 C:\Users\Hung\Documents\stm32f103-freertos-main\freertos\Debug\libfreertos.a(tasks.o)
 .bss.uxSchedulerSuspended
                0x20000280        0x4 C:\Users\Hung\Documents\stm32f103-freertos-main\freertos\Debug\libfreertos.a(tasks.o)
 .bss.xActiveTimerList1
                0x20000284       0x14 C:\Users\Hung\Documents\stm32f103-freertos-main\freertos\Debug\libfreertos.a(timers.o)
 .bss.xActiveTimerList2
                0x20000298       0x14 C:\Users\Hung\Documents\stm32f103-freertos-main\freertos\Debug\libfreertos.a(timers.o)
 .bss.pxCurrentTimerList
                0x200002ac        0x4 C:\Users\Hung\Documents\stm32f103-freertos-main\freertos\Debug\libfreertos.a(timers.o)
 .bss.pxOverflowTimerList
                0x200002b0        0x4 C:\Users\Hung\Documents\stm32f103-freertos-main\freertos\Debug\libfreertos.a(timers.o)
 .bss.xTimerQueue
                0x200002b4        0x4 C:\Users\Hung\Documents\stm32f103-freertos-main\freertos\Debug\libfreertos.a(timers.o)
 .bss.xTimerTaskHandle
                0x200002b8        0x4 C:\Users\Hung\Documents\stm32f103-freertos-main\freertos\Debug\libfreertos.a(timers.o)
 .bss.xLastTime.0
                0x200002bc        0x4 C:\Users\Hung\Documents\stm32f103-freertos-main\freertos\Debug\libfreertos.a(timers.o)
 .bss.ulTimerCountsForOneTick
                0x200002c0        0x4 C:\Users\Hung\Documents\stm32f103-freertos-main\freertos\Debug\libfreertos.a(port.o)
 .bss.xMaximumPossibleSuppressedTicks
                0x200002c4        0x4 C:\Users\Hung\Documents\stm32f103-freertos-main\freertos\Debug\libfreertos.a(port.o)
 .bss.ulStoppedTimerCompensation
                0x200002c8        0x4 C:\Users\Hung\Documents\stm32f103-freertos-main\freertos\Debug\libfreertos.a(port.o)
 .bss.ucMaxSysCallPriority
                0x200002cc        0x1 C:\Users\Hung\Documents\stm32f103-freertos-main\freertos\Debug\libfreertos.a(port.o)
 *fill*         0x200002cd        0x3 
 .bss.ulMaxPRIGROUPValue
                0x200002d0        0x4 C:\Users\Hung\Documents\stm32f103-freertos-main\freertos\Debug\libfreertos.a(port.o)
 .bss.__malloc_sbrk_start
                0x200002d4        0x4 C:/stm32/app/STM32CubeIDE_1.16.0/STM32CubeIDE/plugins/com.st.stm32cube.ide.mcu.externaltools.gnu-tools-for-stm32.12.3.rel1.win32_1.0.200.202406191623/tools/bin/../lib/gcc/arm-none-eabi/12.3.1/../../../../arm-none-eabi/lib/thumb/v7-m/nofp\libc_nano.a(libc_a-mallocr.o)
                0x200002d4                __malloc_sbrk_start
 .bss.__malloc_free_list
                0x200002d8        0x4 C:/stm32/app/STM32CubeIDE_1.16.0/STM32CubeIDE/plugins/com.st.stm32cube.ide.mcu.externaltools.gnu-tools-for-stm32.12.3.rel1.win32_1.0.200.202406191623/tools/bin/../lib/gcc/arm-none-eabi/12.3.1/../../../../arm-none-eabi/lib/thumb/v7-m/nofp\libc_nano.a(libc_a-mallocr.o)
                0x200002d8                __malloc_free_list
 .bss.__sf      0x200002dc      0x138 C:/stm32/app/STM32CubeIDE_1.16.0/STM32CubeIDE/plugins/com.st.stm32cube.ide.mcu.externaltools.gnu-tools-for-stm32.12.3.rel1.win32_1.0.200.202406191623/tools/bin/../lib/gcc/arm-none-eabi/12.3.1/../../../../arm-none-eabi/lib/thumb/v7-m/nofp\libc_nano.a(libc_a-findfp.o)
                0x200002dc                __sf
 .bss.errno     0x20000414        0x4 C:/stm32/app/STM32CubeIDE_1.16.0/STM32CubeIDE/plugins/com.st.stm32cube.ide.mcu.externaltools.gnu-tools-for-stm32.12.3.rel1.win32_1.0.200.202406191623/tools/bin/../lib/gcc/arm-none-eabi/12.3.1/../../../../arm-none-eabi/lib/thumb/v7-m/nofp\libc_nano.a(libc_a-reent.o)
                0x20000414                errno
 .bss.__lock___malloc_recursive_mutex
                0x20000418        0x1 C:/stm32/app/STM32CubeIDE_1.16.0/STM32CubeIDE/plugins/com.st.stm32cube.ide.mcu.externaltools.gnu-tools-for-stm32.12.3.rel1.win32_1.0.200.202406191623/tools/bin/../lib/gcc/arm-none-eabi/12.3.1/../../../../arm-none-eabi/lib/thumb/v7-m/nofp\libc_nano.a(libc_a-lock.o)
                0x20000418                __lock___malloc_recursive_mutex
 *(COMMON)
                0x2000041c                        . = ALIGN (0x4)
 *fill*         0x20000419        0x3 
                0x2000041c                        _ebss = .
                0x2000041c                        __bss_end__ = _ebss

._user_heap_stack
                0x2000041c      0x604 load address 0x0800878c
                0x20000420                        . = ALIGN (0x8)
 *fill*         0x2000041c        0x4 
                [!provide]                        PROVIDE (end = .)
                0x20000420                        PROVIDE (_end = .)
                0x20000620                        . = (. + _Min_Heap_Size)
 *fill*         0x20000420      0x200 
                0x20000a20                        . = (. + _Min_Stack_Size)
 *fill*         0x20000620      0x400 
                0x20000a20                        . = ALIGN (0x8)

/DISCARD/
 libc.a(*)
 libm.a(*)
 libgcc.a(*)

.ARM.attributes
                0x00000000       0x29
 *(.ARM.attributes)
 .ARM.attributes
                0x00000000       0x1d C:/stm32/app/STM32CubeIDE_1.16.0/STM32CubeIDE/plugins/com.st.stm32cube.ide.mcu.externaltools.gnu-tools-for-stm32.12.3.rel1.win32_1.0.200.202406191623/tools/bin/../lib/gcc/arm-none-eabi/12.3.1/thumb/v7-m/nofp/crti.o
 .ARM.attributes
                0x0000001d       0x2d C:/stm32/app/STM32CubeIDE_1.16.0/STM32CubeIDE/plugins/com.st.stm32cube.ide.mcu.externaltools.gnu-tools-for-stm32.12.3.rel1.win32_1.0.200.202406191623/tools/bin/../lib/gcc/arm-none-eabi/12.3.1/thumb/v7-m/nofp/crtbegin.o
 .ARM.attributes
                0x0000004a       0x2d ./Core/Src/main.o
 .ARM.attributes
                0x00000077       0x2d ./Core/Src/stm32f1xx_hal_msp.o
 .ARM.attributes
                0x000000a4       0x2d ./Core/Src/stm32f1xx_hal_timebase_tim.o
 .ARM.attributes
                0x000000d1       0x2d ./Core/Src/stm32f1xx_it.o
 .ARM.attributes
                0x000000fe       0x2d ./Core/Src/sysmem.o
 .ARM.attributes
                0x0000012b       0x2d ./Core/Src/system_stm32f1xx.o
 .ARM.attributes
                0x00000158       0x2d ./Core/Src/tft_display.o
 .ARM.attributes
                0x00000185       0x2d ./Core/Src/tft_fonts.o
 .ARM.attributes
                0x000001b2       0x2d ./Core/Src/tft_touch.o
 .ARM.attributes
                0x000001df       0x21 ./Core/Startup/startup_stm32f103c8tx.o
 .ARM.attributes
                0x00000200       0x2d ./Drivers/STM32F1xx_HAL_Driver/Src/stm32f1xx_hal.o
 .ARM.attributes
                0x0000022d       0x2d ./Drivers/STM32F1xx_HAL_Driver/Src/stm32f1xx_hal_cortex.o
 .ARM.attributes
                0x0000025a       0x2d ./Drivers/STM32F1xx_HAL_Driver/Src/stm32f1xx_hal_gpio.o
 .ARM.attributes
                0x00000287       0x2d ./Drivers/STM32F1xx_HAL_Driver/Src/stm32f1xx_hal_rcc.o
 .ARM.attributes
                0x000002b4       0x2d ./Drivers/STM32F1xx_HAL_Driver/Src/stm32f1xx_hal_spi.o
 .ARM.attributes
                0x000002e1       0x2d ./Drivers/STM32F1xx_HAL_Driver/Src/stm32f1xx_hal_tim.o
 .ARM.attributes
                0x0000030e       0x2d ./Drivers/STM32F1xx_HAL_Driver/Src/stm32f1xx_hal_tim_ex.o
 .ARM.attributes
                0x0000033b       0x2d C:\Users\Hung\Documents\stm32f103-freertos-main\freertos\Debug\libfreertos.a(queue.o)
 .ARM.attributes
                0x00000368       0x2d C:\Users\Hung\Documents\stm32f103-freertos-main\freertos\Debug\libfreertos.a(tasks.o)
 .ARM.attributes
                0x00000395       0x2d C:\Users\Hung\Documents\stm32f103-freertos-main\freertos\Debug\libfreertos.a(timers.o)
 .ARM.attributes
                0x000003c2       0x2d C:\Users\Hung\Documents\stm32f103-freertos-main\freertos\Debug\libfreertos.a(heap_3.o)
 .ARM.attributes
                0x000003ef       0x2d C:\Users\Hung\Documents\stm32f103-freertos-main\freertos\Debug\libfreertos.a(list.o)
 .ARM.attributes
                0x0000041c       0x2d C:\Users\Hung\Documents\stm32f103-freertos-main\freertos\Debug\libfreertos.a(port.o)
 .ARM.attributes
                0x00000449       0x2d C:/stm32/app/STM32CubeIDE_1.16.0/STM32CubeIDE/plugins/com.st.stm32cube.ide.mcu.externaltools.gnu-tools-for-stm32.12.3.rel1.win32_1.0.200.202406191623/tools/bin/../lib/gcc/arm-none-eabi/12.3.1/../../../../arm-none-eabi/lib/thumb/v7-m/nofp\libc_nano.a(libc_a-malloc.o)
 .ARM.attributes
                0x00000476       0x2d C:/stm32/app/STM32CubeIDE_1.16.0/STM32CubeIDE/plugins/com.st.stm32cube.ide.mcu.externaltools.gnu-tools-for-stm32.12.3.rel1.win32_1.0.200.202406191623/tools/bin/../lib/gcc/arm-none-eabi/12.3.1/../../../../arm-none-eabi/lib/thumb/v7-m/nofp\libc_nano.a(libc_a-mallocr.o)
 .ARM.attributes
                0x000004a3       0x2d C:/stm32/app/STM32CubeIDE_1.16.0/STM32CubeIDE/plugins/com.st.stm32cube.ide.mcu.externaltools.gnu-tools-for-stm32.12.3.rel1.win32_1.0.200.202406191623/tools/bin/../lib/gcc/arm-none-eabi/12.3.1/../../../../arm-none-eabi/lib/thumb/v7-m/nofp\libc_nano.a(libc_a-mlock.o)
 .ARM.attributes
                0x000004d0       0x2d C:/stm32/app/STM32CubeIDE_1.16.0/STM32CubeIDE/plugins/com.st.stm32cube.ide.mcu.externaltools.gnu-tools-for-stm32.12.3.rel1.win32_1.0.200.202406191623/tools/bin/../lib/gcc/arm-none-eabi/12.3.1/../../../../arm-none-eabi/lib/thumb/v7-m/nofp\libc_nano.a(libc_a-findfp.o)
 .ARM.attributes
                0x000004fd       0x2d C:/stm32/app/STM32CubeIDE_1.16.0/STM32CubeIDE/plugins/com.st.stm32cube.ide.mcu.externaltools.gnu-tools-for-stm32.12.3.rel1.win32_1.0.200.202406191623/tools/bin/../lib/gcc/arm-none-eabi/12.3.1/../../../../arm-none-eabi/lib/thumb/v7-m/nofp\libc_nano.a(libc_a-sprintf.o)
 .ARM.attributes
                0x0000052a       0x2d C:/stm32/app/STM32CubeIDE_1.16.0/STM32CubeIDE/plugins/com.st.stm32cube.ide.mcu.externaltools.gnu-tools-for-stm32.12.3.rel1.win32_1.0.200.202406191623/tools/bin/../lib/gcc/arm-none-eabi/12.3.1/../../../../arm-none-eabi/lib/thumb/v7-m/nofp\libc_nano.a(libc_a-memset.o)
 .ARM.attributes
                0x00000557       0x2d C:/stm32/app/STM32CubeIDE_1.16.0/STM32CubeIDE/plugins/com.st.stm32cube.ide.mcu.externaltools.gnu-tools-for-stm32.12.3.rel1.win32_1.0.200.202406191623/tools/bin/../lib/gcc/arm-none-eabi/12.3.1/../../../../arm-none-eabi/lib/thumb/v7-m/nofp\libc_nano.a(libc_a-reent.o)
 .ARM.attributes
                0x00000584       0x2d C:/stm32/app/STM32CubeIDE_1.16.0/STM32CubeIDE/plugins/com.st.stm32cube.ide.mcu.externaltools.gnu-tools-for-stm32.12.3.rel1.win32_1.0.200.202406191623/tools/bin/../lib/gcc/arm-none-eabi/12.3.1/../../../../arm-none-eabi/lib/thumb/v7-m/nofp\libc_nano.a(libc_a-impure.o)
 .ARM.attributes
                0x000005b1       0x2d C:/stm32/app/STM32CubeIDE_1.16.0/STM32CubeIDE/plugins/com.st.stm32cube.ide.mcu.externaltools.gnu-tools-for-stm32.12.3.rel1.win32_1.0.200.202406191623/tools/bin/../lib/gcc/arm-none-eabi/12.3.1/../../../../arm-none-eabi/lib/thumb/v7-m/nofp\libc_nano.a(libc_a-sbrkr.o)
 .ARM.attributes
                0x000005de       0x2d C:/stm32/app/STM32CubeIDE_1.16.0/STM32CubeIDE/plugins/com.st.stm32cube.ide.mcu.externaltools.gnu-tools-for-stm32.12.3.rel1.win32_1.0.200.202406191623/tools/bin/../lib/gcc/arm-none-eabi/12.3.1/../../../../arm-none-eabi/lib/thumb/v7-m/nofp\libc_nano.a(libc_a-errno.o)
 .ARM.attributes
                0x0000060b       0x2d C:/stm32/app/STM32CubeIDE_1.16.0/STM32CubeIDE/plugins/com.st.stm32cube.ide.mcu.externaltools.gnu-tools-for-stm32.12.3.rel1.win32_1.0.200.202406191623/tools/bin/../lib/gcc/arm-none-eabi/12.3.1/../../../../arm-none-eabi/lib/thumb/v7-m/nofp\libc_nano.a(libc_a-init.o)
 .ARM.attributes
                0x00000638       0x2d C:/stm32/app/STM32CubeIDE_1.16.0/STM32CubeIDE/plugins/com.st.stm32cube.ide.mcu.externaltools.gnu-tools-for-stm32.12.3.rel1.win32_1.0.200.202406191623/tools/bin/../lib/gcc/arm-none-eabi/12.3.1/../../../../arm-none-eabi/lib/thumb/v7-m/nofp\libc_nano.a(libc_a-lock.o)
 .ARM.attributes
                0x00000665       0x2d C:/stm32/app/STM32CubeIDE_1.16.0/STM32CubeIDE/plugins/com.st.stm32cube.ide.mcu.externaltools.gnu-tools-for-stm32.12.3.rel1.win32_1.0.200.202406191623/tools/bin/../lib/gcc/arm-none-eabi/12.3.1/../../../../arm-none-eabi/lib/thumb/v7-m/nofp\libc_nano.a(libc_a-memcpy-stub.o)
 .ARM.attributes
                0x00000692       0x2d C:/stm32/app/STM32CubeIDE_1.16.0/STM32CubeIDE/plugins/com.st.stm32cube.ide.mcu.externaltools.gnu-tools-for-stm32.12.3.rel1.win32_1.0.200.202406191623/tools/bin/../lib/gcc/arm-none-eabi/12.3.1/../../../../arm-none-eabi/lib/thumb/v7-m/nofp\libc_nano.a(libc_a-freer.o)
 .ARM.attributes
                0x000006bf       0x2d C:/stm32/app/STM32CubeIDE_1.16.0/STM32CubeIDE/plugins/com.st.stm32cube.ide.mcu.externaltools.gnu-tools-for-stm32.12.3.rel1.win32_1.0.200.202406191623/tools/bin/../lib/gcc/arm-none-eabi/12.3.1/../../../../arm-none-eabi/lib/thumb/v7-m/nofp\libc_nano.a(libc_a-nano-svfprintf.o)
 .ARM.attributes
                0x000006ec       0x2d C:/stm32/app/STM32CubeIDE_1.16.0/STM32CubeIDE/plugins/com.st.stm32cube.ide.mcu.externaltools.gnu-tools-for-stm32.12.3.rel1.win32_1.0.200.202406191623/tools/bin/../lib/gcc/arm-none-eabi/12.3.1/../../../../arm-none-eabi/lib/thumb/v7-m/nofp\libc_nano.a(libc_a-nano-vfprintf_i.o)
 .ARM.attributes
                0x00000719       0x2d C:/stm32/app/STM32CubeIDE_1.16.0/STM32CubeIDE/plugins/com.st.stm32cube.ide.mcu.externaltools.gnu-tools-for-stm32.12.3.rel1.win32_1.0.200.202406191623/tools/bin/../lib/gcc/arm-none-eabi/12.3.1/../../../../arm-none-eabi/lib/thumb/v7-m/nofp\libc_nano.a(libc_a-memmove.o)
 .ARM.attributes
                0x00000746       0x2d C:/stm32/app/STM32CubeIDE_1.16.0/STM32CubeIDE/plugins/com.st.stm32cube.ide.mcu.externaltools.gnu-tools-for-stm32.12.3.rel1.win32_1.0.200.202406191623/tools/bin/../lib/gcc/arm-none-eabi/12.3.1/../../../../arm-none-eabi/lib/thumb/v7-m/nofp\libc_nano.a(libc_a-memchr-stub.o)
 .ARM.attributes
                0x00000773       0x2d C:/stm32/app/STM32CubeIDE_1.16.0/STM32CubeIDE/plugins/com.st.stm32cube.ide.mcu.externaltools.gnu-tools-for-stm32.12.3.rel1.win32_1.0.200.202406191623/tools/bin/../lib/gcc/arm-none-eabi/12.3.1/../../../../arm-none-eabi/lib/thumb/v7-m/nofp\libc_nano.a(libc_a-reallocr.o)
 .ARM.attributes
                0x000007a0       0x2d C:/stm32/app/STM32CubeIDE_1.16.0/STM32CubeIDE/plugins/com.st.stm32cube.ide.mcu.externaltools.gnu-tools-for-stm32.12.3.rel1.win32_1.0.200.202406191623/tools/bin/../lib/gcc/arm-none-eabi/12.3.1/../../../../arm-none-eabi/lib/thumb/v7-m/nofp\libc_nano.a(libc_a-msizer.o)
 .ARM.attributes
                0x000007cd       0x1d C:/stm32/app/STM32CubeIDE_1.16.0/STM32CubeIDE/plugins/com.st.stm32cube.ide.mcu.externaltools.gnu-tools-for-stm32.12.3.rel1.win32_1.0.200.202406191623/tools/bin/../lib/gcc/arm-none-eabi/12.3.1/thumb/v7-m/nofp/crtn.o
OUTPUT(tft_display_tactile.elf elf32-littlearm)
LOAD linker stubs
LOAD C:/stm32/app/STM32CubeIDE_1.16.0/STM32CubeIDE/plugins/com.st.stm32cube.ide.mcu.externaltools.gnu-tools-for-stm32.12.3.rel1.win32_1.0.200.202406191623/tools/bin/../lib/gcc/arm-none-eabi/12.3.1/../../../../arm-none-eabi/lib/thumb/v7-m/nofp\libc.a
LOAD C:/stm32/app/STM32CubeIDE_1.16.0/STM32CubeIDE/plugins/com.st.stm32cube.ide.mcu.externaltools.gnu-tools-for-stm32.12.3.rel1.win32_1.0.200.202406191623/tools/bin/../lib/gcc/arm-none-eabi/12.3.1/../../../../arm-none-eabi/lib/thumb/v7-m/nofp\libm.a
LOAD C:/stm32/app/STM32CubeIDE_1.16.0/STM32CubeIDE/plugins/com.st.stm32cube.ide.mcu.externaltools.gnu-tools-for-stm32.12.3.rel1.win32_1.0.200.202406191623/tools/bin/../lib/gcc/arm-none-eabi/12.3.1/thumb/v7-m/nofp\libgcc.a

.debug_info     0x00000000    0x10ca1
 .debug_info    0x00000000     0x10fa ./Core/Src/main.o
 .debug_info    0x000010fa      0x815 ./Core/Src/stm32f1xx_hal_msp.o
 .debug_info    0x0000190f      0x980 ./Core/Src/stm32f1xx_hal_timebase_tim.o
 .debug_info    0x0000228f      0x66a ./Core/Src/stm32f1xx_it.o
 .debug_info    0x000028f9      0x168 ./Core/Src/sysmem.o
 .debug_info    0x00002a61      0x222 ./Core/Src/system_stm32f1xx.o
 .debug_info    0x00002c83      0xe94 ./Core/Src/tft_display.o
 .debug_info    0x00003b17      0x19a ./Core/Src/tft_fonts.o
 .debug_info    0x00003cb1      0x7d4 ./Core/Src/tft_touch.o
 .debug_info    0x00004485       0x30 ./Core/Startup/startup_stm32f103c8tx.o
 .debug_info    0x000044b5      0x704 ./Drivers/STM32F1xx_HAL_Driver/Src/stm32f1xx_hal.o
 .debug_info    0x00004bb9      0xa87 ./Drivers/STM32F1xx_HAL_Driver/Src/stm32f1xx_hal_cortex.o
 .debug_info    0x00005640      0x5ab ./Drivers/STM32F1xx_HAL_Driver/Src/stm32f1xx_hal_gpio.o
 .debug_info    0x00005beb      0x7d5 ./Drivers/STM32F1xx_HAL_Driver/Src/stm32f1xx_hal_rcc.o
 .debug_info    0x000063c0     0x1503 ./Drivers/STM32F1xx_HAL_Driver/Src/stm32f1xx_hal_spi.o
 .debug_info    0x000078c3     0x293b ./Drivers/STM32F1xx_HAL_Driver/Src/stm32f1xx_hal_tim.o
 .debug_info    0x0000a1fe     0x149b ./Drivers/STM32F1xx_HAL_Driver/Src/stm32f1xx_hal_tim_ex.o
 .debug_info    0x0000b699     0x184f C:\Users\Hung\Documents\stm32f103-freertos-main\freertos\Debug\libfreertos.a(queue.o)
 .debug_info    0x0000cee8     0x2632 C:\Users\Hung\Documents\stm32f103-freertos-main\freertos\Debug\libfreertos.a(tasks.o)
 .debug_info    0x0000f51a      0xe08 C:\Users\Hung\Documents\stm32f103-freertos-main\freertos\Debug\libfreertos.a(timers.o)
 .debug_info    0x00010322      0x131 C:\Users\Hung\Documents\stm32f103-freertos-main\freertos\Debug\libfreertos.a(heap_3.o)
 .debug_info    0x00010453      0x2af C:\Users\Hung\Documents\stm32f103-freertos-main\freertos\Debug\libfreertos.a(list.o)
 .debug_info    0x00010702      0x59f C:\Users\Hung\Documents\stm32f103-freertos-main\freertos\Debug\libfreertos.a(port.o)

.debug_abbrev   0x00000000     0x2ee5
 .debug_abbrev  0x00000000      0x373 ./Core/Src/main.o
 .debug_abbrev  0x00000373      0x1a5 ./Core/Src/stm32f1xx_hal_msp.o
 .debug_abbrev  0x00000518      0x1e0 ./Core/Src/stm32f1xx_hal_timebase_tim.o
 .debug_abbrev  0x000006f8      0x17c ./Core/Src/stm32f1xx_it.o
 .debug_abbrev  0x00000874       0xbc ./Core/Src/sysmem.o
 .debug_abbrev  0x00000930      0x13f ./Core/Src/system_stm32f1xx.o
 .debug_abbrev  0x00000a6f      0x2a4 ./Core/Src/tft_display.o
 .debug_abbrev  0x00000d13       0xb3 ./Core/Src/tft_fonts.o
 .debug_abbrev  0x00000dc6      0x20d ./Core/Src/tft_touch.o
 .debug_abbrev  0x00000fd3       0x24 ./Core/Startup/startup_stm32f103c8tx.o
 .debug_abbrev  0x00000ff7      0x201 ./Drivers/STM32F1xx_HAL_Driver/Src/stm32f1xx_hal.o
 .debug_abbrev  0x000011f8      0x2f8 ./Drivers/STM32F1xx_HAL_Driver/Src/stm32f1xx_hal_cortex.o
 .debug_abbrev  0x000014f0      0x1ca ./Drivers/STM32F1xx_HAL_Driver/Src/stm32f1xx_hal_gpio.o
 .debug_abbrev  0x000016ba      0x2b3 ./Drivers/STM32F1xx_HAL_Driver/Src/stm32f1xx_hal_rcc.o
 .debug_abbrev  0x0000196d      0x284 ./Drivers/STM32F1xx_HAL_Driver/Src/stm32f1xx_hal_spi.o
 .debug_abbrev  0x00001bf1      0x277 ./Drivers/STM32F1xx_HAL_Driver/Src/stm32f1xx_hal_tim.o
 .debug_abbrev  0x00001e68      0x282 ./Drivers/STM32F1xx_HAL_Driver/Src/stm32f1xx_hal_tim_ex.o
 .debug_abbrev  0x000020ea      0x323 C:\Users\Hung\Documents\stm32f103-freertos-main\freertos\Debug\libfreertos.a(queue.o)
 .debug_abbrev  0x0000240d      0x378 C:\Users\Hung\Documents\stm32f103-freertos-main\freertos\Debug\libfreertos.a(tasks.o)
 .debug_abbrev  0x00002785      0x2cb C:\Users\Hung\Documents\stm32f103-freertos-main\freertos\Debug\libfreertos.a(timers.o)
 .debug_abbrev  0x00002a50      0x106 C:\Users\Hung\Documents\stm32f103-freertos-main\freertos\Debug\libfreertos.a(heap_3.o)
 .debug_abbrev  0x00002b56       0xf5 C:\Users\Hung\Documents\stm32f103-freertos-main\freertos\Debug\libfreertos.a(list.o)
 .debug_abbrev  0x00002c4b      0x29a C:\Users\Hung\Documents\stm32f103-freertos-main\freertos\Debug\libfreertos.a(port.o)

.debug_aranges  0x00000000     0x1168
 .debug_aranges
                0x00000000       0x58 ./Core/Src/main.o
 .debug_aranges
                0x00000058       0x30 ./Core/Src/stm32f1xx_hal_msp.o
 .debug_aranges
                0x00000088       0x30 ./Core/Src/stm32f1xx_hal_timebase_tim.o
 .debug_aranges
                0x000000b8       0x50 ./Core/Src/stm32f1xx_it.o
 .debug_aranges
                0x00000108       0x20 ./Core/Src/sysmem.o
 .debug_aranges
                0x00000128       0x28 ./Core/Src/system_stm32f1xx.o
 .debug_aranges
                0x00000150       0xa8 ./Core/Src/tft_display.o
 .debug_aranges
                0x000001f8       0x18 ./Core/Src/tft_fonts.o
 .debug_aranges
                0x00000210       0x38 ./Core/Src/tft_touch.o
 .debug_aranges
                0x00000248       0x28 ./Core/Startup/startup_stm32f103c8tx.o
 .debug_aranges
                0x00000270       0xe0 ./Drivers/STM32F1xx_HAL_Driver/Src/stm32f1xx_hal.o
 .debug_aranges
                0x00000350      0x100 ./Drivers/STM32F1xx_HAL_Driver/Src/stm32f1xx_hal_cortex.o
 .debug_aranges
                0x00000450       0x58 ./Drivers/STM32F1xx_HAL_Driver/Src/stm32f1xx_hal_gpio.o
 .debug_aranges
                0x000004a8       0x90 ./Drivers/STM32F1xx_HAL_Driver/Src/stm32f1xx_hal_rcc.o
 .debug_aranges
                0x00000538      0x1d0 ./Drivers/STM32F1xx_HAL_Driver/Src/stm32f1xx_hal_spi.o
 .debug_aranges
                0x00000708      0x3d0 ./Drivers/STM32F1xx_HAL_Driver/Src/stm32f1xx_hal_tim.o
 .debug_aranges
                0x00000ad8      0x168 ./Drivers/STM32F1xx_HAL_Driver/Src/stm32f1xx_hal_tim_ex.o
 .debug_aranges
                0x00000c40      0x130 C:\Users\Hung\Documents\stm32f103-freertos-main\freertos\Debug\libfreertos.a(queue.o)
 .debug_aranges
                0x00000d70      0x228 C:\Users\Hung\Documents\stm32f103-freertos-main\freertos\Debug\libfreertos.a(tasks.o)
 .debug_aranges
                0x00000f98       0xe8 C:\Users\Hung\Documents\stm32f103-freertos-main\freertos\Debug\libfreertos.a(timers.o)
 .debug_aranges
                0x00001080       0x28 C:\Users\Hung\Documents\stm32f103-freertos-main\freertos\Debug\libfreertos.a(heap_3.o)
 .debug_aranges
                0x000010a8       0x40 C:\Users\Hung\Documents\stm32f103-freertos-main\freertos\Debug\libfreertos.a(list.o)
 .debug_aranges
                0x000010e8       0x80 C:\Users\Hung\Documents\stm32f103-freertos-main\freertos\Debug\libfreertos.a(port.o)

.debug_rnglists
                0x00000000      0xd51
 .debug_rnglists
                0x00000000       0x42 ./Core/Src/main.o
 .debug_rnglists
                0x00000042       0x20 ./Core/Src/stm32f1xx_hal_msp.o
 .debug_rnglists
                0x00000062       0x20 ./Core/Src/stm32f1xx_hal_timebase_tim.o
 .debug_rnglists
                0x00000082       0x37 ./Core/Src/stm32f1xx_it.o
 .debug_rnglists
                0x000000b9       0x13 ./Core/Src/sysmem.o
 .debug_rnglists
                0x000000cc       0x1a ./Core/Src/system_stm32f1xx.o
 .debug_rnglists
                0x000000e6       0x80 ./Core/Src/tft_display.o
 .debug_rnglists
                0x00000166       0x26 ./Core/Src/tft_touch.o
 .debug_rnglists
                0x0000018c       0x19 ./Core/Startup/startup_stm32f103c8tx.o
 .debug_rnglists
                0x000001a5       0xa3 ./Drivers/STM32F1xx_HAL_Driver/Src/stm32f1xx_hal.o
 .debug_rnglists
                0x00000248       0xbb ./Drivers/STM32F1xx_HAL_Driver/Src/stm32f1xx_hal_cortex.o
 .debug_rnglists
                0x00000303       0x3f ./Drivers/STM32F1xx_HAL_Driver/Src/stm32f1xx_hal_gpio.o
 .debug_rnglists
                0x00000342       0x6c ./Drivers/STM32F1xx_HAL_Driver/Src/stm32f1xx_hal_rcc.o
 .debug_rnglists
                0x000003ae      0x16e ./Drivers/STM32F1xx_HAL_Driver/Src/stm32f1xx_hal_spi.o
 .debug_rnglists
                0x0000051c      0x31a ./Drivers/STM32F1xx_HAL_Driver/Src/stm32f1xx_hal_tim.o
 .debug_rnglists
                0x00000836      0x125 ./Drivers/STM32F1xx_HAL_Driver/Src/stm32f1xx_hal_tim_ex.o
 .debug_rnglists
                0x0000095b       0xec C:\Users\Hung\Documents\stm32f103-freertos-main\freertos\Debug\libfreertos.a(queue.o)
 .debug_rnglists
                0x00000a47      0x1bb C:\Users\Hung\Documents\stm32f103-freertos-main\freertos\Debug\libfreertos.a(tasks.o)
 .debug_rnglists
                0x00000c02       0xad C:\Users\Hung\Documents\stm32f103-freertos-main\freertos\Debug\libfreertos.a(timers.o)
 .debug_rnglists
                0x00000caf       0x19 C:\Users\Hung\Documents\stm32f103-freertos-main\freertos\Debug\libfreertos.a(heap_3.o)
 .debug_rnglists
                0x00000cc8       0x2b C:\Users\Hung\Documents\stm32f103-freertos-main\freertos\Debug\libfreertos.a(list.o)
 .debug_rnglists
                0x00000cf3       0x5e C:\Users\Hung\Documents\stm32f103-freertos-main\freertos\Debug\libfreertos.a(port.o)

.debug_macro    0x00000000    0x1a718
 .debug_macro   0x00000000      0x35c ./Core/Src/main.o
 .debug_macro   0x0000035c      0xaa8 ./Core/Src/main.o
 .debug_macro   0x00000e04      0x21b ./Core/Src/main.o
 .debug_macro   0x0000101f       0x2e ./Core/Src/main.o
 .debug_macro   0x0000104d       0x22 ./Core/Src/main.o
 .debug_macro   0x0000106f       0x22 ./Core/Src/main.o
 .debug_macro   0x00001091       0x8e ./Core/Src/main.o
 .debug_macro   0x0000111f       0x51 ./Core/Src/main.o
 .debug_macro   0x00001170      0x103 ./Core/Src/main.o
 .debug_macro   0x00001273       0x6a ./Core/Src/main.o
 .debug_macro   0x000012dd      0x1df ./Core/Src/main.o
 .debug_macro   0x000014bc       0x1c ./Core/Src/main.o
 .debug_macro   0x000014d8       0x22 ./Core/Src/main.o
 .debug_macro   0x000014fa       0xbd ./Core/Src/main.o
 .debug_macro   0x000015b7      0xd23 ./Core/Src/main.o
 .debug_macro   0x000022da     0xe09e ./Core/Src/main.o
 .debug_macro   0x00010378       0x6d ./Core/Src/main.o
 .debug_macro   0x000103e5     0x348d ./Core/Src/main.o
 .debug_macro   0x00013872      0x189 ./Core/Src/main.o
 .debug_macro   0x000139fb       0x5c ./Core/Src/main.o
 .debug_macro   0x00013a57      0x5bc ./Core/Src/main.o
 .debug_macro   0x00014013      0x289 ./Core/Src/main.o
 .debug_macro   0x0001429c      0x1cb ./Core/Src/main.o
 .debug_macro   0x00014467      0x114 ./Core/Src/main.o
 .debug_macro   0x0001457b      0x1b2 ./Core/Src/main.o
 .debug_macro   0x0001472d       0x27 ./Core/Src/main.o
 .debug_macro   0x00014754      0x136 ./Core/Src/main.o
 .debug_macro   0x0001488a      0x1bc ./Core/Src/main.o
 .debug_macro   0x00014a46       0x34 ./Core/Src/main.o
 .debug_macro   0x00014a7a       0x3c ./Core/Src/main.o
 .debug_macro   0x00014ab6       0x57 ./Core/Src/main.o
 .debug_macro   0x00014b0d       0x87 ./Core/Src/main.o
 .debug_macro   0x00014b94      0x240 ./Core/Src/main.o
 .debug_macro   0x00014dd4      0x140 ./Core/Src/main.o
 .debug_macro   0x00014f14      0x217 ./Core/Src/main.o
 .debug_macro   0x0001512b      0x8ed ./Core/Src/main.o
 .debug_macro   0x00015a18       0x83 ./Core/Src/main.o
 .debug_macro   0x00015a9b       0x70 ./Core/Src/main.o
 .debug_macro   0x00015b0b       0x61 ./Core/Src/main.o
 .debug_macro   0x00015b6c       0x24 ./Core/Src/main.o
 .debug_macro   0x00015b90       0x43 ./Core/Src/main.o
 .debug_macro   0x00015bd3       0x34 ./Core/Src/main.o
 .debug_macro   0x00015c07       0x16 ./Core/Src/main.o
 .debug_macro   0x00015c1d       0x35 ./Core/Src/main.o
 .debug_macro   0x00015c52      0x369 ./Core/Src/main.o
 .debug_macro   0x00015fbb       0x10 ./Core/Src/main.o
 .debug_macro   0x00015fcb       0x16 ./Core/Src/main.o
 .debug_macro   0x00015fe1       0x43 ./Core/Src/main.o
 .debug_macro   0x00016024       0x34 ./Core/Src/main.o
 .debug_macro   0x00016058       0x10 ./Core/Src/main.o
 .debug_macro   0x00016068       0x58 ./Core/Src/main.o
 .debug_macro   0x000160c0       0x8e ./Core/Src/main.o
 .debug_macro   0x0001614e       0x1c ./Core/Src/main.o
 .debug_macro   0x0001616a      0x177 ./Core/Src/main.o
 .debug_macro   0x000162e1       0x16 ./Core/Src/main.o
 .debug_macro   0x000162f7       0x16 ./Core/Src/main.o
 .debug_macro   0x0001630d      0x146 ./Core/Src/main.o
 .debug_macro   0x00016453       0x22 ./Core/Src/main.o
 .debug_macro   0x00016475       0xb2 ./Core/Src/main.o
 .debug_macro   0x00016527       0x4c ./Core/Src/main.o
 .debug_macro   0x00016573      0x1d8 ./Core/Src/main.o
 .debug_macro   0x0001674b      0x15a ./Core/Src/main.o
 .debug_macro   0x000168a5       0xcf ./Core/Src/main.o
 .debug_macro   0x00016974       0x22 ./Core/Src/main.o
 .debug_macro   0x00016996       0x1f ./Core/Src/main.o
 .debug_macro   0x000169b5       0x12 ./Core/Src/main.o
 .debug_macro   0x000169c7      0x3c9 ./Core/Src/main.o
 .debug_macro   0x00016d90       0xc3 ./Core/Src/main.o
 .debug_macro   0x00016e53      0x120 ./Core/Src/main.o
 .debug_macro   0x00016f73       0x80 ./Core/Src/main.o
 .debug_macro   0x00016ff3       0x77 ./Core/Src/main.o
 .debug_macro   0x0001706a      0x1b2 ./Core/Src/stm32f1xx_hal_msp.o
 .debug_macro   0x0001721c      0x1a3 ./Core/Src/stm32f1xx_hal_timebase_tim.o
 .debug_macro   0x000173bf      0x1bc ./Core/Src/stm32f1xx_it.o
 .debug_macro   0x0001757b       0xff ./Core/Src/sysmem.o
 .debug_macro   0x0001767a      0x23c ./Core/Src/sysmem.o
 .debug_macro   0x000178b6      0x1a3 ./Core/Src/system_stm32f1xx.o
 .debug_macro   0x00017a59      0x29a ./Core/Src/tft_display.o
 .debug_macro   0x00017cf3       0x76 ./Core/Src/tft_display.o
 .debug_macro   0x00017d69       0x6d ./Core/Src/tft_fonts.o
 .debug_macro   0x00017dd6      0x1d6 ./Core/Src/tft_touch.o
 .debug_macro   0x00017fac       0x46 ./Core/Src/tft_touch.o
 .debug_macro   0x00017ff2      0x1c7 ./Drivers/STM32F1xx_HAL_Driver/Src/stm32f1xx_hal.o
 .debug_macro   0x000181b9      0x1a3 ./Drivers/STM32F1xx_HAL_Driver/Src/stm32f1xx_hal_cortex.o
 .debug_macro   0x0001835c      0x20e ./Drivers/STM32F1xx_HAL_Driver/Src/stm32f1xx_hal_gpio.o
 .debug_macro   0x0001856a      0x1b5 ./Drivers/STM32F1xx_HAL_Driver/Src/stm32f1xx_hal_rcc.o
 .debug_macro   0x0001871f      0x1ab ./Drivers/STM32F1xx_HAL_Driver/Src/stm32f1xx_hal_spi.o
 .debug_macro   0x000188ca      0x1a4 ./Drivers/STM32F1xx_HAL_Driver/Src/stm32f1xx_hal_tim.o
 .debug_macro   0x00018a6e      0x1a3 ./Drivers/STM32F1xx_HAL_Driver/Src/stm32f1xx_hal_tim_ex.o
 .debug_macro   0x00018c11      0x22f C:\Users\Hung\Documents\stm32f103-freertos-main\freertos\Debug\libfreertos.a(queue.o)
 .debug_macro   0x00018e40      0xaae C:\Users\Hung\Documents\stm32f103-freertos-main\freertos\Debug\libfreertos.a(queue.o)
 .debug_macro   0x000198ee      0x11c C:\Users\Hung\Documents\stm32f103-freertos-main\freertos\Debug\libfreertos.a(queue.o)
 .debug_macro   0x00019a0a       0x94 C:\Users\Hung\Documents\stm32f103-freertos-main\freertos\Debug\libfreertos.a(queue.o)
 .debug_macro   0x00019a9e       0x16 C:\Users\Hung\Documents\stm32f103-freertos-main\freertos\Debug\libfreertos.a(queue.o)
 .debug_macro   0x00019ab4       0x20 C:\Users\Hung\Documents\stm32f103-freertos-main\freertos\Debug\libfreertos.a(queue.o)
 .debug_macro   0x00019ad4      0x1d8 C:\Users\Hung\Documents\stm32f103-freertos-main\freertos\Debug\libfreertos.a(queue.o)
 .debug_macro   0x00019cac      0x284 C:\Users\Hung\Documents\stm32f103-freertos-main\freertos\Debug\libfreertos.a(tasks.o)
 .debug_macro   0x00019f30       0x91 C:\Users\Hung\Documents\stm32f103-freertos-main\freertos\Debug\libfreertos.a(tasks.o)
 .debug_macro   0x00019fc1       0x17 C:\Users\Hung\Documents\stm32f103-freertos-main\freertos\Debug\libfreertos.a(tasks.o)
 .debug_macro   0x00019fd8      0x1e7 C:\Users\Hung\Documents\stm32f103-freertos-main\freertos\Debug\libfreertos.a(timers.o)
 .debug_macro   0x0001a1bf       0x97 C:\Users\Hung\Documents\stm32f103-freertos-main\freertos\Debug\libfreertos.a(timers.o)
 .debug_macro   0x0001a256      0x1a7 C:\Users\Hung\Documents\stm32f103-freertos-main\freertos\Debug\libfreertos.a(heap_3.o)
 .debug_macro   0x0001a3fd      0x198 C:\Users\Hung\Documents\stm32f103-freertos-main\freertos\Debug\libfreertos.a(list.o)
 .debug_macro   0x0001a595      0x183 C:\Users\Hung\Documents\stm32f103-freertos-main\freertos\Debug\libfreertos.a(port.o)

.debug_line     0x00000000    0x13e08
 .debug_line    0x00000000      0xc60 ./Core/Src/main.o
 .debug_line    0x00000c60      0x744 ./Core/Src/stm32f1xx_hal_msp.o
 .debug_line    0x000013a4      0x74c ./Core/Src/stm32f1xx_hal_timebase_tim.o
 .debug_line    0x00001af0      0x78c ./Core/Src/stm32f1xx_it.o
 .debug_line    0x0000227c      0x660 ./Core/Src/sysmem.o
 .debug_line    0x000028dc      0x76e ./Core/Src/system_stm32f1xx.o
 .debug_line    0x0000304a      0xdbb ./Core/Src/tft_display.o
 .debug_line    0x00003e05      0x406 ./Core/Src/tft_fonts.o
 .debug_line    0x0000420b      0x834 ./Core/Src/tft_touch.o
 .debug_line    0x00004a3f       0x78 ./Core/Startup/startup_stm32f103c8tx.o
 .debug_line    0x00004ab7      0x99b ./Drivers/STM32F1xx_HAL_Driver/Src/stm32f1xx_hal.o
 .debug_line    0x00005452      0xb87 ./Drivers/STM32F1xx_HAL_Driver/Src/stm32f1xx_hal_cortex.o
 .debug_line    0x00005fd9      0xa34 ./Drivers/STM32F1xx_HAL_Driver/Src/stm32f1xx_hal_gpio.o
 .debug_line    0x00006a0d      0xda4 ./Drivers/STM32F1xx_HAL_Driver/Src/stm32f1xx_hal_rcc.o
 .debug_line    0x000077b1     0x1c4d ./Drivers/STM32F1xx_HAL_Driver/Src/stm32f1xx_hal_spi.o
 .debug_line    0x000093fe     0x34a5 ./Drivers/STM32F1xx_HAL_Driver/Src/stm32f1xx_hal_tim.o
 .debug_line    0x0000c8a3     0x18fa ./Drivers/STM32F1xx_HAL_Driver/Src/stm32f1xx_hal_tim_ex.o
 .debug_line    0x0000e19d     0x16e8 C:\Users\Hung\Documents\stm32f103-freertos-main\freertos\Debug\libfreertos.a(queue.o)
 .debug_line    0x0000f885     0x20fa C:\Users\Hung\Documents\stm32f103-freertos-main\freertos\Debug\libfreertos.a(tasks.o)
 .debug_line    0x0001197f      0xd23 C:\Users\Hung\Documents\stm32f103-freertos-main\freertos\Debug\libfreertos.a(timers.o)
 .debug_line    0x000126a2      0x70e C:\Users\Hung\Documents\stm32f103-freertos-main\freertos\Debug\libfreertos.a(heap_3.o)
 .debug_line    0x00012db0      0x7dc C:\Users\Hung\Documents\stm32f103-freertos-main\freertos\Debug\libfreertos.a(list.o)
 .debug_line    0x0001358c      0x87c C:\Users\Hung\Documents\stm32f103-freertos-main\freertos\Debug\libfreertos.a(port.o)

.debug_str      0x00000000    0x934df
 .debug_str     0x00000000    0x8cda6 ./Core/Src/main.o
                              0x8d1e3 (size before relaxing)
 .debug_str     0x0008cda6       0x91 ./Core/Src/stm32f1xx_hal_msp.o
                              0x83484 (size before relaxing)
 .debug_str     0x0008ce37      0x382 ./Core/Src/stm32f1xx_hal_timebase_tim.o
                              0x83729 (size before relaxing)
 .debug_str     0x0008d1b9       0xa5 ./Core/Src/stm32f1xx_it.o
                              0x834fb (size before relaxing)
 .debug_str     0x0008d25e      0x35c ./Core/Src/sysmem.o
                               0x6087 (size before relaxing)
 .debug_str     0x0008d5ba       0x6e ./Core/Src/system_stm32f1xx.o
                              0x82e83 (size before relaxing)
 .debug_str     0x0008d628      0x27d ./Core/Src/tft_display.o
                              0x86bda (size before relaxing)
 .debug_str     0x0008d8a5       0x3f ./Core/Src/tft_fonts.o
                               0x3d70 (size before relaxing)
 .debug_str     0x0008d8e4       0xb7 ./Core/Src/tft_touch.o
                              0x83691 (size before relaxing)
 .debug_str     0x0008d99b       0x44 ./Core/Startup/startup_stm32f103c8tx.o
                                 0x92 (size before relaxing)
 .debug_str     0x0008d9df      0x341 ./Drivers/STM32F1xx_HAL_Driver/Src/stm32f1xx_hal.o
                              0x835b6 (size before relaxing)
 .debug_str     0x0008dd20      0x2a8 ./Drivers/STM32F1xx_HAL_Driver/Src/stm32f1xx_hal_cortex.o
                              0x83502 (size before relaxing)
 .debug_str     0x0008dfc8      0x2d5 ./Drivers/STM32F1xx_HAL_Driver/Src/stm32f1xx_hal_gpio.o
                              0x83209 (size before relaxing)
 .debug_str     0x0008e29d      0x1f3 ./Drivers/STM32F1xx_HAL_Driver/Src/stm32f1xx_hal_rcc.o
                              0x832b2 (size before relaxing)
 .debug_str     0x0008e490      0x534 ./Drivers/STM32F1xx_HAL_Driver/Src/stm32f1xx_hal_spi.o
                              0x837af (size before relaxing)
 .debug_str     0x0008e9c4      0xe41 ./Drivers/STM32F1xx_HAL_Driver/Src/stm32f1xx_hal_tim.o
                              0x842a4 (size before relaxing)
 .debug_str     0x0008f805      0x503 ./Drivers/STM32F1xx_HAL_Driver/Src/stm32f1xx_hal_tim_ex.o
                              0x83ac0 (size before relaxing)
 .debug_str     0x0008fd08      0xe3a C:\Users\Hung\Documents\stm32f103-freertos-main\freertos\Debug\libfreertos.a(queue.o)
                               0xd414 (size before relaxing)
 .debug_str     0x00090b42     0x1c53 C:\Users\Hung\Documents\stm32f103-freertos-main\freertos\Debug\libfreertos.a(tasks.o)